<html>
<body>
<pre>
<h1>µVision Build Log</h1>
<h2>Tool Versions:</h2>
IDE-Version: £gVision V5.24.2.0
Copyright (C) 2017 ARM Ltd and ARM Germany GmbH. All rights reserved.
License Information: YuYu Hsiao, CCU, LIC=----
 
Tool Versions:
Toolchain:       MDK-Lite  Version: 5.24.1
Toolchain Path:  C:\Keil_v5\ARM\ARMCC\Bin
C Compiler:      Armcc.exe V5.06 update 5 (build 528)
Assembler:       Armasm.exe V5.06 update 5 (build 528)
Linker/Locator:  ArmLink.exe V5.06 update 5 (build 528)
Library Manager: ArmAr.exe V5.06 update 5 (build 528)
Hex Converter:   FromElf.exe V5.06 update 5 (build 528)
CPU DLL:         SARMCM3.DLL V5.24.1
Dialog DLL:      DARMCM1.DLL V1.18.0.0
Target DLL:      Nu_Link.dll V3.07
Dialog DLL:      TARMCM1.DLL V1.13.0.0
 
<h2>Project:</h2>
D:\CCU\·L³B²z¾÷\NUC100_120BSP_v3.00.002\NUC100_120BSPv3.00.002\SampleCode\StdDriver\GPIO_OutputInput\KEIL\GPIO_OutputInput.uvprojx
Project File Date:  09/30/2024

<h2>Output:</h2>
*** Using Compiler 'V5.06 update 5 (build 528)', folder: 'C:\Keil_v5\ARM\ARMCC\Bin'
Rebuild target 'GPIO_OutputInput'
creating preprocessor file for system_NUC100Series.c...
assembling startup_NUC100Series.s...
creating preprocessor file for main.c...
creating preprocessor file for retarget.c...
compiling system_NUC100Series.c...
creating preprocessor file for gpio.c...
compiling main.c...
creating preprocessor file for uart.c...
compiling retarget.c...
creating preprocessor file for clk.c...
compiling gpio.c...
creating preprocessor file for sys.c...
compiling uart.c...
compiling clk.c...
compiling sys.c...
linking...
Program Size: Code=3436 RO-data=408 RW-data=52 ZI-data=1028  
After Build - User command #1: fromelf --bin ".\obj\GPIO_OutputInput.axf" --output ".\obj\GPIO_OutputInput.bin"
After Build - User command #2: fromelf --text -c ".\obj\GPIO_OutputInput.axf" --output ".\obj\GPIO_OutputInput.txt"
".\obj\GPIO_OutputInput.axf" - 0 Error(s), 0 Warning(s).

<h2>Software Packages used:</h2>

Package Vendor: ARM
                http://www.keil.com/pack/ARM.CMSIS.5.0.1.pack
                ARM.CMSIS.5.0.1
                CMSIS (Cortex Microcontroller Software Interface Standard)
   * Component: CORE Version: 5.0.1

Package Vendor: Nuvoton
                https://www.nuvoton.com/enu/Documents/KEILSoftwarePack/Nuvoton.NuMicro_DFP.1.3.12.pack
                Nuvoton.NuMicro_DFP.1.3.12
                Nuvoton ARM Cortex-M NuMicro Family Device Support

<h2>Collection of Component include folders:</h2>
  .\RTE\_GPIO_OutputInput
  C:\Keil_v5\ARM\PACK\ARM\CMSIS\5.0.1\CMSIS\Include
  C:\Keil_v5\ARM\PACK\Nuvoton\NuMicro_DFP\1.3.12\Device\NUC100\Include

<h2>Collection of Component Files used:</h2>

   * Component: ARM::CMSIS:CORE:5.0.1
Build Time Elapsed:  00:00:02
</pre>
</body>
</html>
