Component: ARM Compiler 5.06 update 5 (build 528) Tool: armlink [4d35e2]

==============================================================================

Small function inlining results

Inlined total of 0 calls.

==============================================================================

Section Cross References

    system_nuc100series.o(i.SystemCoreClockUpdate) refers to uidiv.o(.text) for __aeabi_uidivmod
    system_nuc100series.o(i.SystemCoreClockUpdate) refers to system_nuc100series.o(.data) for .data
    startup_nuc100series.o(RESET) refers to startup_nuc100series.o(STACK) for __initial_sp
    startup_nuc100series.o(RESET) refers to startup_nuc100series.o(.text) for Reset_Handler
    startup_nuc100series.o(RESET) refers to retarget.o(.emb_text) for HardFault_Handler
    startup_nuc100series.o(.text) refers to system_nuc100series.o(i.SystemInit) for SystemInit
    startup_nuc100series.o(.text) refers to entry.o(.ARM.Collect$$$$00000000) for __main
    main.o(i.AdcSingleCycleScanModeTest) refers to printfa.o(i.__0printf) for __2printf
    main.o(i.AdcSingleCycleScanModeTest) refers to adc.o(i.ADC_Open) for ADC_Open
    main.o(i.AdcSingleCycleScanModeTest) refers to ffltui.o(.text) for __aeabi_ui2f
    main.o(i.AdcSingleCycleScanModeTest) refers to main.o(i.normalize) for normalize
    main.o(i.AdcSingleCycleScanModeTest) refers to fmul.o(.text) for __aeabi_fmul
    main.o(i.AdcSingleCycleScanModeTest) refers to fadd.o(.text) for __aeabi_fadd
    main.o(i.AdcSingleCycleScanModeTest) refers to f2d.o(.text) for __aeabi_f2d
    main.o(i.AdcSingleCycleScanModeTest) refers to exp.o(i.exp) for exp
    main.o(i.AdcSingleCycleScanModeTest) refers to dadd.o(.text) for __aeabi_dadd
    main.o(i.AdcSingleCycleScanModeTest) refers to ddiv.o(.text) for __aeabi_ddiv
    main.o(i.AdcSingleCycleScanModeTest) refers to d2f.o(.text) for __aeabi_d2f
    main.o(i.AdcSingleCycleScanModeTest) refers to cfrcmple.o(.text) for __aeabi_cfrcmple
    main.o(i.AdcSingleCycleScanModeTest) refers to main.o(i.__ARM_common_switch8) for __ARM_common_switch8
    main.o(i.AdcSingleCycleScanModeTest) refers to strcpy.o(.text) for strcpy
    main.o(i.AdcSingleCycleScanModeTest) refers to main.o(.data) for .data
    main.o(i.AdcSingleCycleScanModeTest) refers to main.o(.bss) for .bss
    main.o(i.AdcSingleCycleScanModeTest) refers to system_nuc100series.o(.data) for CyclesPerUs
    main.o(i.Get_Train_Accuracy) refers to fmul.o(.text) for __aeabi_fmul
    main.o(i.Get_Train_Accuracy) refers to fadd.o(.text) for __aeabi_fadd
    main.o(i.Get_Train_Accuracy) refers to f2d.o(.text) for __aeabi_f2d
    main.o(i.Get_Train_Accuracy) refers to exp.o(i.exp) for exp
    main.o(i.Get_Train_Accuracy) refers to dadd.o(.text) for __aeabi_dadd
    main.o(i.Get_Train_Accuracy) refers to ddiv.o(.text) for __aeabi_ddiv
    main.o(i.Get_Train_Accuracy) refers to d2f.o(.text) for __aeabi_d2f
    main.o(i.Get_Train_Accuracy) refers to cfrcmple.o(.text) for __aeabi_cfrcmple
    main.o(i.Get_Train_Accuracy) refers to fflti.o(.text) for __aeabi_i2f
    main.o(i.Get_Train_Accuracy) refers to fdiv.o(.text) for __aeabi_fdiv
    main.o(i.Get_Train_Accuracy) refers to main.o(.data) for .data
    main.o(i.Get_Train_Accuracy) refers to main.o(.bss) for .bss
    main.o(i.SYS_Init) refers to clk.o(i.CLK_EnableXtalRC) for CLK_EnableXtalRC
    main.o(i.SYS_Init) refers to clk.o(i.CLK_WaitClockReady) for CLK_WaitClockReady
    main.o(i.SYS_Init) refers to clk.o(i.CLK_SetHCLK) for CLK_SetHCLK
    main.o(i.SYS_Init) refers to clk.o(i.CLK_SetCoreClock) for CLK_SetCoreClock
    main.o(i.SYS_Init) refers to clk.o(i.CLK_EnableModuleClock) for CLK_EnableModuleClock
    main.o(i.SYS_Init) refers to clk.o(i.CLK_SetModuleClock) for CLK_SetModuleClock
    main.o(i.UART0_Init) refers to sys.o(i.SYS_ResetModule) for SYS_ResetModule
    main.o(i.UART0_Init) refers to uart.o(i.UART_Open) for UART_Open
    main.o(i.data_setup) refers to adc.o(i.ADC_Open) for ADC_Open
    main.o(i.data_setup) refers to printfa.o(i.__0printf) for __2printf
    main.o(i.data_setup) refers to rand.o(.text) for srand
    main.o(i.data_setup) refers to main.o(i.scale_data) for scale_data
    main.o(i.data_setup) refers to main.o(i.train_preprocess) for train_preprocess
    main.o(i.data_setup) refers to main.o(i.test_preprocess) for test_preprocess
    main.o(i.data_setup) refers to main.o(.data) for .data
    main.o(i.data_setup) refers to main.o(.bss) for .bss
    main.o(i.load_weight) refers to printfa.o(i.__0printf) for __2printf
    main.o(i.load_weight) refers to f2d.o(.text) for __aeabi_f2d
    main.o(i.load_weight) refers to main.o(.bss) for .bss
    main.o(i.main) refers to main.o(i.SYS_Init) for SYS_Init
    main.o(i.main) refers to main.o(i.UART0_Init) for UART0_Init
    main.o(i.main) refers to gpio.o(i.GPIO_SetMode) for GPIO_SetMode
    main.o(i.main) refers to printfa.o(i.__0printf) for __2printf
    main.o(i.main) refers to main.o(i.data_setup) for data_setup
[...]
    exp.o(i.exp) refers to dunder.o(i.__mathlib_dbl_overflow) for __mathlib_dbl_overflow
    exp.o(i.exp) refers to cdcmple.o(.text) for __aeabi_cdcmple
    exp.o(i.exp) refers to dunder.o(i.__mathlib_dbl_underflow) for __mathlib_dbl_underflow
    exp.o(i.exp) refers to dadd.o(.text) for __aeabi_dsub
    exp.o(i.exp) refers to dmul.o(.text) for __aeabi_dmul
    exp.o(i.exp) refers to dfixi.o(.text) for __aeabi_d2iz
    exp.o(i.exp) refers to dflti.o(.text) for __aeabi_i2d
    exp.o(i.exp) refers to poly.o(i.__kernel_poly) for __kernel_poly
    exp.o(i.exp) refers to ddiv.o(.text) for __aeabi_ddiv
    exp.o(i.exp) refers to dscalb.o(.text) for __ARM_scalbn
    exp.o(i.exp) refers to fpclassify.o(i.__ARM_fpclassify) for __ARM_fpclassify
    exp.o(i.exp) refers to exp.o(.constdata) for .constdata
    exp.o(.constdata) refers (Special) to iusefp.o(.text) for __I$use$fp
    exp_x.o(i.____softfp_exp$lsc) refers (Special) to iusefp.o(.text) for __I$use$fp
    exp_x.o(i.____softfp_exp$lsc) refers to exp_x.o(i.__exp$lsc) for __exp$lsc
    exp_x.o(i.__exp$lsc) refers (Special) to iusefp.o(.text) for __I$use$fp
    exp_x.o(i.__exp$lsc) refers to dunder.o(i.__mathlib_dbl_infnan) for __mathlib_dbl_infnan
    exp_x.o(i.__exp$lsc) refers to cdrcmple.o(.text) for __aeabi_cdrcmple
    exp_x.o(i.__exp$lsc) refers to errno.o(i.__set_errno) for __set_errno
    exp_x.o(i.__exp$lsc) refers to cdcmple.o(.text) for __aeabi_cdcmple
    exp_x.o(i.__exp$lsc) refers to dadd.o(.text) for __aeabi_dsub
    exp_x.o(i.__exp$lsc) refers to dmul.o(.text) for __aeabi_dmul
    exp_x.o(i.__exp$lsc) refers to dfixi.o(.text) for __aeabi_d2iz
    exp_x.o(i.__exp$lsc) refers to dflti.o(.text) for __aeabi_i2d
    exp_x.o(i.__exp$lsc) refers to poly.o(i.__kernel_poly) for __kernel_poly
    exp_x.o(i.__exp$lsc) refers to ddiv.o(.text) for __aeabi_ddiv
    exp_x.o(i.__exp$lsc) refers to dscalb.o(.text) for __ARM_scalbn
    exp_x.o(i.__exp$lsc) refers to qnan.o(.constdata) for __mathlib_zero
    exp_x.o(i.__exp$lsc) refers to exp_x.o(.constdata) for .constdata
    exp_x.o(.constdata) refers (Special) to iusefp.o(.text) for __I$use$fp
    pow.o(i.__softfp_pow) refers (Special) to iusefp.o(.text) for __I$use$fp
    pow.o(i.__softfp_pow) refers to pow.o(i.pow) for pow
    pow.o(i.pow) refers (Special) to iusefp.o(.text) for __I$use$fp
    pow.o(i.pow) refers to dunder.o(i.__mathlib_dbl_infnan2) for __mathlib_dbl_infnan2
    pow.o(i.pow) refers to errno.o(i.__set_errno) for __set_errno
    pow.o(i.pow) refers to dunder.o(i.__mathlib_dbl_divzero) for __mathlib_dbl_divzero
    pow.o(i.pow) refers to ddiv.o(.text) for __aeabi_ddiv
    pow.o(i.pow) refers to sqrt.o(i.sqrt) for sqrt
    pow.o(i.pow) refers to dflti.o(.text) for __aeabi_i2d
    pow.o(i.pow) refers to dunder.o(i.__mathlib_dbl_invalid) for __mathlib_dbl_invalid
    pow.o(i.pow) refers to dunder.o(i.__mathlib_dbl_overflow) for __mathlib_dbl_overflow
    pow.o(i.pow) refers to dmul.o(.text) for __aeabi_dmul
    pow.o(i.pow) refers to dunder.o(i.__mathlib_dbl_underflow) for __mathlib_dbl_underflow
    pow.o(i.pow) refers to dadd.o(.text) for __aeabi_dsub
    pow.o(i.pow) refers to dscalb.o(.text) for __ARM_scalbn
    pow.o(i.pow) refers to qnan.o(.constdata) for __mathlib_zero
    pow.o(i.pow) refers to poly.o(i.__kernel_poly) for __kernel_poly
    pow.o(i.pow) refers to cdrcmple.o(.text) for __aeabi_cdrcmple
    pow.o(i.pow) refers to pow.o(.constdata) for .constdata
    pow.o(i.pow) refers to fpclassify.o(i.__ARM_fpclassify) for __ARM_fpclassify
    pow.o(.constdata) refers (Special) to iusefp.o(.text) for __I$use$fp
    pow_x.o(i.____softfp_pow$lsc) refers (Special) to iusefp.o(.text) for __I$use$fp
    pow_x.o(i.____softfp_pow$lsc) refers to pow_x.o(i.__pow$lsc) for __pow$lsc
    pow_x.o(i.__pow$lsc) refers (Special) to iusefp.o(.text) for __I$use$fp
    pow_x.o(i.__pow$lsc) refers to dunder.o(i.__mathlib_dbl_infnan2) for __mathlib_dbl_infnan2
    pow_x.o(i.__pow$lsc) refers to errno.o(i.__set_errno) for __set_errno
    pow_x.o(i.__pow$lsc) refers to ddiv.o(.text) for __aeabi_ddiv
    pow_x.o(i.__pow$lsc) refers to sqrt.o(i.sqrt) for sqrt
    pow_x.o(i.__pow$lsc) refers to dflti.o(.text) for __aeabi_i2d
    pow_x.o(i.__pow$lsc) refers to dmul.o(.text) for __aeabi_dmul
    pow_x.o(i.__pow$lsc) refers to dadd.o(.text) for __aeabi_dsub
    pow_x.o(i.__pow$lsc) refers to dscalb.o(.text) for __ARM_scalbn
    pow_x.o(i.__pow$lsc) refers to qnan.o(.constdata) for __mathlib_zero
    pow_x.o(i.__pow$lsc) refers to poly.o(i.__kernel_poly) for __kernel_poly
    pow_x.o(i.__pow$lsc) refers to cdrcmple.o(.text) for __aeabi_cdrcmple
    pow_x.o(i.__pow$lsc) refers to pow_x.o(.constdata) for .constdata
    pow_x.o(.constdata) refers (Special) to iusefp.o(.text) for __I$use$fp
    sqrt.o(i.__softfp_sqrt) refers (Special) to iusefp.o(.text) for __I$use$fp
    sqrt.o(i.__softfp_sqrt) refers to dsqrt.o(.text) for _dsqrt
    sqrt.o(i.__softfp_sqrt) refers to errno.o(i.__set_errno) for __set_errno
    sqrt.o(i.sqrt) refers (Special) to iusefp.o(.text) for __I$use$fp
    sqrt.o(i.sqrt) refers to dsqrt.o(.text) for _dsqrt
    sqrt.o(i.sqrt) refers to errno.o(i.__set_errno) for __set_errno
    sqrt_x.o(i.____softfp_sqrt$lsc) refers (Special) to iusefp.o(.text) for __I$use$fp
    sqrt_x.o(i.____softfp_sqrt$lsc) refers to cdcmple.o(.text) for __aeabi_cdcmple
    sqrt_x.o(i.____softfp_sqrt$lsc) refers to errno.o(i.__set_errno) for __set_errno
    sqrt_x.o(i.____softfp_sqrt$lsc) refers to dsqrt.o(.text) for _dsqrt
    sqrt_x.o(i.__sqrt$lsc) refers (Special) to iusefp.o(.text) for __I$use$fp
    sqrt_x.o(i.__sqrt$lsc) refers to cdcmple.o(.text) for __aeabi_cdcmple
    sqrt_x.o(i.__sqrt$lsc) refers to errno.o(i.__set_errno) for __set_errno
    sqrt_x.o(i.__sqrt$lsc) refers to dsqrt.o(.text) for _dsqrt
    entry.o(.ARM.Collect$$$$00000000) refers (Special) to entry10a.o(.ARM.Collect$$$$0000000D) for __rt_final_cpp
    entry.o(.ARM.Collect$$$$00000000) refers (Special) to entry11a.o(.ARM.Collect$$$$0000000F) for __rt_final_exit
    entry.o(.ARM.Collect$$$$00000000) refers (Special) to entry7b.o(.ARM.Collect$$$$00000008) for _main_clock
    entry.o(.ARM.Collect$$$$00000000) refers (Special) to entry8b.o(.ARM.Collect$$$$0000000A) for _main_cpp_init
    entry.o(.ARM.Collect$$$$00000000) refers (Special) to entry9a.o(.ARM.Collect$$$$0000000B) for _main_init
    entry.o(.ARM.Collect$$$$00000000) refers (Special) to entry5.o(.ARM.Collect$$$$00000004) for _main_scatterload
    entry.o(.ARM.Collect$$$$00000000) refers (Special) to entry2.o(.ARM.Collect$$$$00000001) for _main_stk
    idiv.o(.text) refers to uidiv.o(.text) for __aeabi_uidivmod
    rand.o(.text) refers to rand.o(.data) for .data
    printfb.o(i.__0fprintf$bare) refers to printfb.o(i._printf_core) for _printf_core
    printfb.o(i.__0fprintf$bare) refers to retarget.o(i.fputc) for fputc
    printfb.o(i.__0printf$bare) refers to printfb.o(i._printf_core) for _printf_core
    printfb.o(i.__0printf$bare) refers to retarget.o(i.fputc) for fputc
    printfb.o(i.__0printf$bare) refers to retarget.o(.data) for __stdout
    printfb.o(i.__0snprintf$bare) refers to printfb.o(i._printf_core) for _printf_core
    printfb.o(i.__0snprintf$bare) refers to printfb.o(i._snputc) for _snputc
    printfb.o(i.__0sprintf$bare) refers to printfb.o(i._printf_core) for _printf_core
    printfb.o(i.__0sprintf$bare) refers to printfb.o(i._sputc) for _sputc
    printfb.o(i.__0vfprintf$bare) refers to printfb.o(i._printf_core) for _printf_core
    printfb.o(i.__0vfprintf$bare) refers to retarget.o(i.fputc) for fputc
    printfb.o(i.__0vprintf$bare) refers to printfb.o(i._printf_core) for _printf_core
    printfb.o(i.__0vprintf$bare) refers to retarget.o(i.fputc) for fputc
    printfb.o(i.__0vprintf$bare) refers to retarget.o(.data) for __stdout
    printfb.o(i.__0vsnprintf$bare) refers to printfb.o(i._printf_core) for _printf_core
    printfb.o(i.__0vsnprintf$bare) refers to printfb.o(i._snputc) for _snputc
    printfb.o(i.__0vsprintf$bare) refers to printfb.o(i._printf_core) for _printf_core
    printfb.o(i.__0vsprintf$bare) refers to printfb.o(i._sputc) for _sputc
    printf0.o(i.__0fprintf$0) refers to printf0.o(i._printf_core) for _printf_core
    printf0.o(i.__0fprintf$0) refers to retarget.o(i.fputc) for fputc
    printf0.o(i.__0printf$0) refers to printf0.o(i._printf_core) for _printf_core
    printf0.o(i.__0printf$0) refers to retarget.o(i.fputc) for fputc
    printf0.o(i.__0printf$0) refers to retarget.o(.data) for __stdout
    printf0.o(i.__0snprintf$0) refers to printf0.o(i._printf_core) for _printf_core
    printf0.o(i.__0snprintf$0) refers to printf0.o(i._snputc) for _snputc
    printf0.o(i.__0sprintf$0) refers to printf0.o(i._printf_core) for _printf_core
    printf0.o(i.__0sprintf$0) refers to printf0.o(i._sputc) for _sputc
    printf0.o(i.__0vfprintf$0) refers to printf0.o(i._printf_core) for _printf_core
    printf0.o(i.__0vfprintf$0) refers to retarget.o(i.fputc) for fputc
    printf0.o(i.__0vprintf$0) refers to printf0.o(i._printf_core) for _printf_core
    printf0.o(i.__0vprintf$0) refers to retarget.o(i.fputc) for fputc
    printf0.o(i.__0vprintf$0) refers to retarget.o(.data) for __stdout
    printf0.o(i.__0vsnprintf$0) refers to printf0.o(i._printf_core) for _printf_core
    printf0.o(i.__0vsnprintf$0) refers to printf0.o(i._snputc) for _snputc
    printf0.o(i.__0vsprintf$0) refers to printf0.o(i._printf_core) for _printf_core
    printf0.o(i.__0vsprintf$0) refers to printf0.o(i._sputc) for _sputc
    printf1.o(i.__0fprintf$1) refers to printf1.o(i._printf_core) for _printf_core
    printf1.o(i.__0fprintf$1) refers to retarget.o(i.fputc) for fputc
    printf1.o(i.__0printf$1) refers to printf1.o(i._printf_core) for _printf_core
    printf1.o(i.__0printf$1) refers to retarget.o(i.fputc) for fputc
    printf1.o(i.__0printf$1) refers to retarget.o(.data) for __stdout
    printf1.o(i.__0snprintf$1) refers to printf1.o(i._printf_core) for _printf_core
    printf1.o(i.__0snprintf$1) refers to printf1.o(i._snputc) for _snputc
    printf1.o(i.__0sprintf$1) refers to printf1.o(i._printf_core) for _printf_core
    printf1.o(i.__0sprintf$1) refers to printf1.o(i._sputc) for _sputc
    printf1.o(i.__0vfprintf$1) refers to printf1.o(i._printf_core) for _printf_core
    printf1.o(i.__0vfprintf$1) refers to retarget.o(i.fputc) for fputc
    printf1.o(i.__0vprintf$1) refers to printf1.o(i._printf_core) for _printf_core
    printf1.o(i.__0vprintf$1) refers to retarget.o(i.fputc) for fputc
    printf1.o(i.__0vprintf$1) refers to retarget.o(.data) for __stdout
    printf1.o(i.__0vsnprintf$1) refers to printf1.o(i._printf_core) for _printf_core
    printf1.o(i.__0vsnprintf$1) refers to printf1.o(i._snputc) for _snputc
    printf1.o(i.__0vsprintf$1) refers to printf1.o(i._printf_core) for _printf_core
    printf1.o(i.__0vsprintf$1) refers to printf1.o(i._sputc) for _sputc
    printf1.o(i._printf_core) refers to uidiv.o(.text) for __aeabi_uidivmod
    printf2.o(i.__0fprintf$2) refers to printf2.o(i._printf_core) for _printf_core
    printf2.o(i.__0fprintf$2) refers to retarget.o(i.fputc) for fputc
    printf2.o(i.__0printf$2) refers to printf2.o(i._printf_core) for _printf_core
    printf2.o(i.__0printf$2) refers to retarget.o(i.fputc) for fputc
    printf2.o(i.__0printf$2) refers to retarget.o(.data) for __stdout
    printf2.o(i.__0snprintf$2) refers to printf2.o(i._printf_core) for _printf_core
    printf2.o(i.__0snprintf$2) refers to printf2.o(i._snputc) for _snputc
    printf2.o(i.__0sprintf$2) refers to printf2.o(i._printf_core) for _printf_core
    printf2.o(i.__0sprintf$2) refers to printf2.o(i._sputc) for _sputc
    printf2.o(i.__0vfprintf$2) refers to printf2.o(i._printf_core) for _printf_core
    printf2.o(i.__0vfprintf$2) refers to retarget.o(i.fputc) for fputc
    printf2.o(i.__0vprintf$2) refers to printf2.o(i._printf_core) for _printf_core
    printf2.o(i.__0vprintf$2) refers to retarget.o(i.fputc) for fputc
    printf2.o(i.__0vprintf$2) refers to retarget.o(.data) for __stdout
    printf2.o(i.__0vsnprintf$2) refers to printf2.o(i._printf_core) for _printf_core
    printf2.o(i.__0vsnprintf$2) refers to printf2.o(i._snputc) for _snputc
    printf2.o(i.__0vsprintf$2) refers to printf2.o(i._printf_core) for _printf_core
    printf2.o(i.__0vsprintf$2) refers to printf2.o(i._sputc) for _sputc
    printf3.o(i.__0fprintf$3) refers to printf3.o(i._printf_core) for _printf_core
    printf3.o(i.__0fprintf$3) refers to retarget.o(i.fputc) for fputc
    printf3.o(i.__0printf$3) refers to printf3.o(i._printf_core) for _printf_core
    printf3.o(i.__0printf$3) refers to retarget.o(i.fputc) for fputc
    printf3.o(i.__0printf$3) refers to retarget.o(.data) for __stdout
    printf3.o(i.__0snprintf$3) refers to printf3.o(i._printf_core) for _printf_core
    printf3.o(i.__0snprintf$3) refers to printf3.o(i._snputc) for _snputc
    printf3.o(i.__0sprintf$3) refers to printf3.o(i._printf_core) for _printf_core
    printf3.o(i.__0sprintf$3) refers to printf3.o(i._sputc) for _sputc
    printf3.o(i.__0vfprintf$3) refers to printf3.o(i._printf_core) for _printf_core
    printf3.o(i.__0vfprintf$3) refers to retarget.o(i.fputc) for fputc
    printf3.o(i.__0vprintf$3) refers to printf3.o(i._printf_core) for _printf_core
    printf3.o(i.__0vprintf$3) refers to retarget.o(i.fputc) for fputc
    printf3.o(i.__0vprintf$3) refers to retarget.o(.data) for __stdout
    printf3.o(i.__0vsnprintf$3) refers to printf3.o(i._printf_core) for _printf_core
    printf3.o(i.__0vsnprintf$3) refers to printf3.o(i._snputc) for _snputc
    printf3.o(i.__0vsprintf$3) refers to printf3.o(i._printf_core) for _printf_core
    printf3.o(i.__0vsprintf$3) refers to printf3.o(i._sputc) for _sputc
    printf3.o(i._printf_core) refers to uidiv.o(.text) for __aeabi_uidivmod
    printf4.o(i.__0fprintf$4) refers to printf4.o(i._printf_core) for _printf_core
    printf4.o(i.__0fprintf$4) refers to retarget.o(i.fputc) for fputc
    printf4.o(i.__0printf$4) refers to printf4.o(i._printf_core) for _printf_core
    printf4.o(i.__0printf$4) refers to retarget.o(i.fputc) for fputc
    printf4.o(i.__0printf$4) refers to retarget.o(.data) for __stdout
    printf4.o(i.__0snprintf$4) refers to printf4.o(i._printf_core) for _printf_core
    printf4.o(i.__0snprintf$4) refers to printf4.o(i._snputc) for _snputc
    printf4.o(i.__0sprintf$4) refers to printf4.o(i._printf_core) for _printf_core
    printf4.o(i.__0sprintf$4) refers to printf4.o(i._sputc) for _sputc
    printf4.o(i.__0vfprintf$4) refers to printf4.o(i._printf_core) for _printf_core
    printf4.o(i.__0vfprintf$4) refers to retarget.o(i.fputc) for fputc
    printf4.o(i.__0vprintf$4) refers to printf4.o(i._printf_core) for _printf_core
    printf4.o(i.__0vprintf$4) refers to retarget.o(i.fputc) for fputc
    printf4.o(i.__0vprintf$4) refers to retarget.o(.data) for __stdout
    printf4.o(i.__0vsnprintf$4) refers to printf4.o(i._printf_core) for _printf_core
    printf4.o(i.__0vsnprintf$4) refers to printf4.o(i._snputc) for _snputc
    printf4.o(i.__0vsprintf$4) refers to printf4.o(i._printf_core) for _printf_core
    printf4.o(i.__0vsprintf$4) refers to printf4.o(i._sputc) for _sputc
    printf4.o(i._printf_core) refers to uldiv.o(.text) for __aeabi_uldivmod
    printf5.o(i.__0fprintf$5) refers to printf5.o(i._printf_core) for _printf_core
    printf5.o(i.__0fprintf$5) refers to retarget.o(i.fputc) for fputc
    printf5.o(i.__0printf$5) refers to printf5.o(i._printf_core) for _printf_core
    printf5.o(i.__0printf$5) refers to retarget.o(i.fputc) for fputc
    printf5.o(i.__0printf$5) refers to retarget.o(.data) for __stdout
    printf5.o(i.__0snprintf$5) refers to printf5.o(i._printf_core) for _printf_core
    printf5.o(i.__0snprintf$5) refers to printf5.o(i._snputc) for _snputc
    printf5.o(i.__0sprintf$5) refers to printf5.o(i._printf_core) for _printf_core
    printf5.o(i.__0sprintf$5) refers to printf5.o(i._sputc) for _sputc
    printf5.o(i.__0vfprintf$5) refers to printf5.o(i._printf_core) for _printf_core
    printf5.o(i.__0vfprintf$5) refers to retarget.o(i.fputc) for fputc
    printf5.o(i.__0vprintf$5) refers to printf5.o(i._printf_core) for _printf_core
    printf5.o(i.__0vprintf$5) refers to retarget.o(i.fputc) for fputc
    printf5.o(i.__0vprintf$5) refers to retarget.o(.data) for __stdout
    printf5.o(i.__0vsnprintf$5) refers to printf5.o(i._printf_core) for _printf_core
    printf5.o(i.__0vsnprintf$5) refers to printf5.o(i._snputc) for _snputc
    printf5.o(i.__0vsprintf$5) refers to printf5.o(i._printf_core) for _printf_core
    printf5.o(i.__0vsprintf$5) refers to printf5.o(i._sputc) for _sputc
    printf5.o(i._printf_core) refers to uldiv.o(.text) for __aeabi_uldivmod
    printf6.o(i.__0fprintf$6) refers to printf6.o(i._printf_core) for _printf_core
    printf6.o(i.__0fprintf$6) refers to retarget.o(i.fputc) for fputc
    printf6.o(i.__0printf$6) refers to printf6.o(i._printf_core) for _printf_core
    printf6.o(i.__0printf$6) refers to retarget.o(i.fputc) for fputc
    printf6.o(i.__0printf$6) refers to retarget.o(.data) for __stdout
    printf6.o(i.__0snprintf$6) refers to printf6.o(i._printf_core) for _printf_core
    printf6.o(i.__0snprintf$6) refers to printf6.o(i._snputc) for _snputc
    printf6.o(i.__0sprintf$6) refers to printf6.o(i._printf_core) for _printf_core
    printf6.o(i.__0sprintf$6) refers to printf6.o(i._sputc) for _sputc
    printf6.o(i.__0vfprintf$6) refers to printf6.o(i._printf_core) for _printf_core
    printf6.o(i.__0vfprintf$6) refers to retarget.o(i.fputc) for fputc
    printf6.o(i.__0vprintf$6) refers to printf6.o(i._printf_core) for _printf_core
    printf6.o(i.__0vprintf$6) refers to retarget.o(i.fputc) for fputc
    printf6.o(i.__0vprintf$6) refers to retarget.o(.data) for __stdout
    printf6.o(i.__0vsnprintf$6) refers to printf6.o(i._printf_core) for _printf_core
    printf6.o(i.__0vsnprintf$6) refers to printf6.o(i._snputc) for _snputc
    printf6.o(i.__0vsprintf$6) refers to printf6.o(i._printf_core) for _printf_core
    printf6.o(i.__0vsprintf$6) refers to printf6.o(i._sputc) for _sputc
    printf6.o(i._printf_core) refers to printf6.o(i._printf_pre_padding) for _printf_pre_padding
    printf6.o(i._printf_core) refers to printf6.o(i._printf_post_padding) for _printf_post_padding
    printf6.o(i._printf_core) refers to uidiv.o(.text) for __aeabi_uidivmod
    printf7.o(i.__0fprintf$7) refers to printf7.o(i._printf_core) for _printf_core
    printf7.o(i.__0fprintf$7) refers to retarget.o(i.fputc) for fputc
    printf7.o(i.__0printf$7) refers to printf7.o(i._printf_core) for _printf_core
    printf7.o(i.__0printf$7) refers to retarget.o(i.fputc) for fputc
    printf7.o(i.__0printf$7) refers to retarget.o(.data) for __stdout
    printf7.o(i.__0snprintf$7) refers to printf7.o(i._printf_core) for _printf_core
    printf7.o(i.__0snprintf$7) refers to printf7.o(i._snputc) for _snputc
    printf7.o(i.__0sprintf$7) refers to printf7.o(i._printf_core) for _printf_core
    printf7.o(i.__0sprintf$7) refers to printf7.o(i._sputc) for _sputc
    printf7.o(i.__0vfprintf$7) refers to printf7.o(i._printf_core) for _printf_core
    printf7.o(i.__0vfprintf$7) refers to retarget.o(i.fputc) for fputc
    printf7.o(i.__0vprintf$7) refers to printf7.o(i._printf_core) for _printf_core
    printf7.o(i.__0vprintf$7) refers to retarget.o(i.fputc) for fputc
    printf7.o(i.__0vprintf$7) refers to retarget.o(.data) for __stdout
    printf7.o(i.__0vsnprintf$7) refers to printf7.o(i._printf_core) for _printf_core
    printf7.o(i.__0vsnprintf$7) refers to printf7.o(i._snputc) for _snputc
    printf7.o(i.__0vsprintf$7) refers to printf7.o(i._printf_core) for _printf_core
    printf7.o(i.__0vsprintf$7) refers to printf7.o(i._sputc) for _sputc
    printf7.o(i._printf_core) refers to printf7.o(i._printf_pre_padding) for _printf_pre_padding
    printf7.o(i._printf_core) refers to printf7.o(i._printf_post_padding) for _printf_post_padding
    printf7.o(i._printf_core) refers to uldiv.o(.text) for __aeabi_uldivmod
    printf8.o(i.__0fprintf$8) refers to printf8.o(i._printf_core) for _printf_core
    printf8.o(i.__0fprintf$8) refers to retarget.o(i.fputc) for fputc
    printf8.o(i.__0printf$8) refers to printf8.o(i._printf_core) for _printf_core
    printf8.o(i.__0printf$8) refers to retarget.o(i.fputc) for fputc
    printf8.o(i.__0printf$8) refers to retarget.o(.data) for __stdout
    printf8.o(i.__0snprintf$8) refers to printf8.o(i._printf_core) for _printf_core
    printf8.o(i.__0snprintf$8) refers to printf8.o(i._snputc) for _snputc
    printf8.o(i.__0sprintf$8) refers to printf8.o(i._printf_core) for _printf_core
    printf8.o(i.__0sprintf$8) refers to printf8.o(i._sputc) for _sputc
    printf8.o(i.__0vfprintf$8) refers to printf8.o(i._printf_core) for _printf_core
    printf8.o(i.__0vfprintf$8) refers to retarget.o(i.fputc) for fputc
    printf8.o(i.__0vprintf$8) refers to printf8.o(i._printf_core) for _printf_core
    printf8.o(i.__0vprintf$8) refers to retarget.o(i.fputc) for fputc
    printf8.o(i.__0vprintf$8) refers to retarget.o(.data) for __stdout
    printf8.o(i.__0vsnprintf$8) refers to printf8.o(i._printf_core) for _printf_core
    printf8.o(i.__0vsnprintf$8) refers to printf8.o(i._snputc) for _snputc
    printf8.o(i.__0vsprintf$8) refers to printf8.o(i._printf_core) for _printf_core
    printf8.o(i.__0vsprintf$8) refers to printf8.o(i._sputc) for _sputc
    printf8.o(i._printf_core) refers to printf8.o(i._printf_pre_padding) for _printf_pre_padding
    printf8.o(i._printf_core) refers to printf8.o(i._printf_post_padding) for _printf_post_padding
    printf8.o(i._printf_core) refers to uldiv.o(.text) for __aeabi_uldivmod
    printfa.o(i.__0fprintf) refers (Special) to iusefp.o(.text) for __I$use$fp
    printfa.o(i.__0fprintf) refers to printfa.o(i._printf_core) for _printf_core
    printfa.o(i.__0fprintf) refers to retarget.o(i.fputc) for fputc
    printfa.o(i.__0printf) refers (Special) to iusefp.o(.text) for __I$use$fp
    printfa.o(i.__0printf) refers to printfa.o(i._printf_core) for _printf_core
    printfa.o(i.__0printf) refers to retarget.o(i.fputc) for fputc
    printfa.o(i.__0printf) refers to retarget.o(.data) for __stdout
    printfa.o(i.__0snprintf) refers (Special) to iusefp.o(.text) for __I$use$fp
    printfa.o(i.__0snprintf) refers to printfa.o(i._printf_core) for _printf_core
    printfa.o(i.__0snprintf) refers to printfa.o(i._snputc) for _snputc
    printfa.o(i.__0sprintf) refers (Special) to iusefp.o(.text) for __I$use$fp
    printfa.o(i.__0sprintf) refers to printfa.o(i._printf_core) for _printf_core
    printfa.o(i.__0sprintf) refers to printfa.o(i._sputc) for _sputc
    printfa.o(i.__0vfprintf) refers (Special) to iusefp.o(.text) for __I$use$fp
    printfa.o(i.__0vfprintf) refers to printfa.o(i._printf_core) for _printf_core
    printfa.o(i.__0vfprintf) refers to retarget.o(i.fputc) for fputc
    printfa.o(i.__0vprintf) refers (Special) to iusefp.o(.text) for __I$use$fp
    printfa.o(i.__0vprintf) refers to printfa.o(i._printf_core) for _printf_core
    printfa.o(i.__0vprintf) refers to retarget.o(i.fputc) for fputc
    printfa.o(i.__0vprintf) refers to retarget.o(.data) for __stdout
    printfa.o(i.__0vsnprintf) refers (Special) to iusefp.o(.text) for __I$use$fp
    printfa.o(i.__0vsnprintf) refers to printfa.o(i._printf_core) for _printf_core
    printfa.o(i.__0vsnprintf) refers to printfa.o(i._snputc) for _snputc
    printfa.o(i.__0vsprintf) refers (Special) to iusefp.o(.text) for __I$use$fp
    printfa.o(i.__0vsprintf) refers to printfa.o(i._printf_core) for _printf_core
    printfa.o(i.__0vsprintf) refers to printfa.o(i._sputc) for _sputc
    printfa.o(i._fp_digits) refers (Special) to iusefp.o(.text) for __I$use$fp
    printfa.o(i._fp_digits) refers to dmul.o(.text) for __aeabi_dmul
    printfa.o(i._fp_digits) refers to ddiv.o(.text) for __aeabi_ddiv
    printfa.o(i._fp_digits) refers to cdrcmple.o(.text) for __aeabi_cdrcmple
    printfa.o(i._fp_digits) refers to dadd.o(.text) for __aeabi_dadd
    printfa.o(i._fp_digits) refers to dfixul.o(.text) for __aeabi_d2ulz
    printfa.o(i._fp_digits) refers to uldiv.o(.text) for __aeabi_uldivmod
    printfa.o(i._printf_core) refers (Special) to iusefp.o(.text) for __I$use$fp
    printfa.o(i._printf_core) refers to printfa.o(i._printf_pre_padding) for _printf_pre_padding
    printfa.o(i._printf_core) refers to uldiv.o(.text) for __aeabi_uldivmod
    printfa.o(i._printf_core) refers to printfa.o(i._printf_post_padding) for _printf_post_padding
    printfa.o(i._printf_core) refers to printfa.o(i._fp_digits) for _fp_digits
    printfa.o(i._printf_core) refers to uidiv.o(.text) for __aeabi_uidivmod
    printfa.o(i._printf_post_padding) refers (Special) to iusefp.o(.text) for __I$use$fp
    printfa.o(i._printf_pre_padding) refers (Special) to iusefp.o(.text) for __I$use$fp
    printfa.o(i._snputc) refers (Special) to iusefp.o(.text) for __I$use$fp
    printfa.o(i._sputc) refers (Special) to iusefp.o(.text) for __I$use$fp
    fadd.o(.text) refers (Special) to iusefp.o(.text) for __I$use$fp
    fadd.o(.text) refers to fepilogue.o(.text) for _float_epilogue
    fmul.o(.text) refers (Special) to iusefp.o(.text) for __I$use$fp
    fdiv.o(.text) refers (Special) to iusefp.o(.text) for __I$use$fp
    fdiv.o(.text) refers to fepilogue.o(.text) for _float_round
    dadd.o(.text) refers (Special) to iusefp.o(.text) for __I$use$fp
    dadd.o(.text) refers to llshl.o(.text) for __aeabi_llsl
    dadd.o(.text) refers to llsshr.o(.text) for __aeabi_lasr
    dadd.o(.text) refers to depilogue.o(.text) for _double_epilogue
    dmul.o(.text) refers (Special) to iusefp.o(.text) for __I$use$fp
    dmul.o(.text) refers to depilogue.o(.text) for _double_epilogue
    ddiv.o(.text) refers (Special) to iusefp.o(.text) for __I$use$fp
    ddiv.o(.text) refers to depilogue.o(.text) for _double_round
    dscalb.o(.text) refers (Special) to iusefp.o(.text) for __I$use$fp
    fflti.o(.text) refers (Special) to iusefp.o(.text) for __I$use$fp
    fflti.o(.text) refers to fepilogue.o(.text) for _float_epilogue
    ffltui.o(.text) refers (Special) to iusefp.o(.text) for __I$use$fp
    ffltui.o(.text) refers to fepilogue.o(.text) for _float_epilogue
    f2d.o(.text) refers (Special) to iusefp.o(.text) for __I$use$fp
    d2f.o(.text) refers (Special) to iusefp.o(.text) for __I$use$fp
    d2f.o(.text) refers to fepilogue.o(.text) for _float_round
    cfrcmple.o(.text) refers (Special) to iusefp.o(.text) for __I$use$fp
    dunder.o(i.__mathlib_dbl_divzero) refers to ddiv.o(.text) for __aeabi_ddiv
    dunder.o(i.__mathlib_dbl_infnan) refers to dscalb.o(.text) for __ARM_scalbn
    dunder.o(i.__mathlib_dbl_infnan2) refers to dadd.o(.text) for __aeabi_dadd
    dunder.o(i.__mathlib_dbl_invalid) refers to ddiv.o(.text) for __aeabi_ddiv
    dunder.o(i.__mathlib_dbl_overflow) refers to dscalb.o(.text) for __ARM_scalbn
    dunder.o(i.__mathlib_dbl_posinfnan) refers to dmul.o(.text) for __aeabi_dmul
    dunder.o(i.__mathlib_dbl_underflow) refers to dscalb.o(.text) for __ARM_scalbn
    fpclassify.o(i.__ARM_fpclassify) refers (Special) to iusefp.o(.text) for __I$use$fp
    poly.o(i.__kernel_poly) refers (Special) to iusefp.o(.text) for __I$use$fp
    poly.o(i.__kernel_poly) refers to dmul.o(.text) for __aeabi_dmul
    poly.o(i.__kernel_poly) refers to dadd.o(.text) for __aeabi_dadd
    qnan.o(.constdata) refers (Special) to iusefp.o(.text) for __I$use$fp
    entry2.o(.ARM.Collect$$$$00000001) refers to entry2.o(.ARM.Collect$$$$00002712) for __lit__00000000
    entry2.o(.ARM.Collect$$$$00002712) refers to startup_nuc100series.o(STACK) for __initial_sp
    entry2.o(__vectab_stack_and_reset_area) refers to startup_nuc100series.o(STACK) for __initial_sp
    entry2.o(__vectab_stack_and_reset_area) refers to entry.o(.ARM.Collect$$$$00000000) for __main
    entry5.o(.ARM.Collect$$$$00000004) refers to init.o(.text) for __scatterload
    entry9a.o(.ARM.Collect$$$$0000000B) refers to main.o(i.main) for main
    entry9b.o(.ARM.Collect$$$$0000000C) refers to main.o(i.main) for main
    uldiv.o(.text) refers to llushr.o(.text) for __aeabi_llsr
    uldiv.o(.text) refers to llshl.o(.text) for __aeabi_llsl
    errno.o(i.__aeabi_errno_addr) refers to errno.o(.data) for .data
    errno.o(i.__read_errno) refers to errno.o(.data) for .data
    errno.o(i.__set_errno) refers to errno.o(.data) for .data
    depilogue.o(.text) refers to depilogue.o(i.__ARM_clz) for __ARM_clz
    depilogue.o(.text) refers to llshl.o(.text) for __aeabi_llsl
    depilogue.o(.text) refers to llushr.o(.text) for __aeabi_llsr
    dsqrt.o(.text) refers to llushr.o(.text) for __aeabi_llsr
    dsqrt.o(.text) refers to depilogue.o(.text) for _double_round
    dflti.o(.text) refers to depilogue.o(.text) for _double_epilogue
    dfixi.o(.text) refers to llushr.o(.text) for __aeabi_llsr
    dfixul.o(.text) refers to llushr.o(.text) for __aeabi_llsr
    dfixul.o(.text) refers to llshl.o(.text) for __aeabi_llsl
    init.o(.text) refers to entry5.o(.ARM.Collect$$$$00000004) for __main_after_scatterload


==============================================================================

Removing Unused input sections from the image.

    Removing system_nuc100series.o(.rev16_text), (4 bytes).
    Removing system_nuc100series.o(.revsh_text), (4 bytes).
    Removing startup_nuc100series.o(HEAP), (0 bytes).
    Removing main.o(.rev16_text), (4 bytes).
    Removing main.o(.revsh_text), (4 bytes).
    Removing main.o(.constdata), (4 bytes).
    Removing main.o(.constdata), (4 bytes).
    Removing main.o(.constdata), (4 bytes).
    Removing main.o(.constdata), (4 bytes).
    Removing retarget.o(.rev16_text), (4 bytes).
    Removing retarget.o(.revsh_text), (4 bytes).
    Removing retarget.o(i.GetChar), (20 bytes).
    Removing retarget.o(i.IsDebugFifoEmpty), (16 bytes).
    Removing retarget.o(i.SendChar), (8 bytes).
    Removing retarget.o(i._ttywrch), (8 bytes).
    Removing retarget.o(i.ferror), (6 bytes).
    Removing retarget.o(i.fgetc), (8 bytes).
    Removing retarget.o(i.kbhit), (16 bytes).
    Removing retarget.o(.data), (4 bytes).
    Removing clk.o(.rev16_text), (4 bytes).
    Removing clk.o(.revsh_text), (4 bytes).
    Removing clk.o(i.CLK_DisableCKO), (16 bytes).
    Removing clk.o(i.CLK_DisableModuleClock), (48 bytes).
    Removing clk.o(i.CLK_DisablePLL), (16 bytes).
    Removing clk.o(i.CLK_DisableXtalRC), (16 bytes).
    Removing clk.o(i.CLK_EnableCKO), (44 bytes).
    Removing clk.o(i.CLK_GetCPUFreq), (16 bytes).
    Removing clk.o(i.CLK_GetHCLKFreq), (16 bytes).
    Removing clk.o(i.CLK_GetHXTFreq), (20 bytes).
    Removing clk.o(i.CLK_GetLXTFreq), (24 bytes).
    Removing clk.o(i.CLK_GetPCLKFreq), (16 bytes).
    Removing clk.o(i.CLK_Idle), (32 bytes).
    Removing clk.o(i.CLK_PowerDown), (36 bytes).
    Removing clk.o(i.CLK_SetSysTickClockSrc), (20 bytes).
    Removing sys.o(.rev16_text), (4 bytes).
    Removing sys.o(.revsh_text), (4 bytes).
    Removing sys.o(i.SYS_ClearResetSrc), (12 bytes).
    Removing sys.o(i.SYS_DisableBOD), (14 bytes).
    Removing sys.o(i.SYS_EnableBOD), (36 bytes).
    Removing sys.o(i.SYS_GetBODStatus), (12 bytes).
    Removing sys.o(i.SYS_GetResetSrc), (8 bytes).
    Removing sys.o(i.SYS_IsRegLocked), (16 bytes).
    Removing sys.o(i.SYS_ReadPDID), (8 bytes).
    Removing sys.o(i.SYS_ResetCPU), (14 bytes).
    Removing sys.o(i.SYS_ResetChip), (14 bytes).
    Removing uart.o(.rev16_text), (4 bytes).
    Removing uart.o(.revsh_text), (4 bytes).
    Removing uart.o(i.UART_ClearIntFlag), (56 bytes).
    Removing uart.o(i.UART_Close), (6 bytes).
    Removing uart.o(i.UART_DisableFlowCtrl), (12 bytes).
    Removing uart.o(i.UART_DisableInt), (48 bytes).
    Removing uart.o(i.UART_EnableFlowCtrl), (30 bytes).
    Removing uart.o(i.UART_EnableInt), (48 bytes).
    Removing uart.o(i.UART_Read), (44 bytes).
    Removing uart.o(i.UART_SelectIrDAMode), (132 bytes).
    Removing uart.o(i.UART_SelectLINMode), (24 bytes).
    Removing uart.o(i.UART_SelectRS485Mode), (32 bytes).
    Removing uart.o(i.UART_SetLine_Config), (128 bytes).
    Removing uart.o(i.UART_SetTimeoutCnt), (22 bytes).
    Removing uart.o(i.UART_Write), (44 bytes).
    Removing adc.o(.rev16_text), (4 bytes).
    Removing adc.o(.revsh_text), (4 bytes).
    Removing adc.o(i.ADC_Close), (10 bytes).
    Removing adc.o(i.ADC_DisableHWTrigger), (12 bytes).
    Removing adc.o(i.ADC_DisableInt), (36 bytes).
    Removing adc.o(i.ADC_EnableHWTrigger), (28 bytes).
    Removing adc.o(i.ADC_EnableInt), (36 bytes).
    Removing gpio.o(.rev16_text), (4 bytes).
    Removing gpio.o(.revsh_text), (4 bytes).
    Removing gpio.o(i.GPIO_DisableInt), (28 bytes).
    Removing gpio.o(i.GPIO_EnableInt), (26 bytes).

71 unused section(s) (total 1422 bytes) removed from the image.

==============================================================================

Image Symbol Table

    Local Symbols

    Symbol Name                              Value     Ov Type        Size  Object(Section)

    RESET                                    0x00000000   Section      192  startup_nuc100series.o(RESET)
    ../clib/microlib/division.c              0x00000000   Number         0  uldiv.o ABSOLUTE
    ../clib/microlib/division.c              0x00000000   Number         0  idiv.o ABSOLUTE
    ../clib/microlib/division.c              0x00000000   Number         0  uidiv.o ABSOLUTE
    ../clib/microlib/errno.c                 0x00000000   Number         0  errno.o ABSOLUTE
    ../clib/microlib/init/entry.s            0x00000000   Number         0  entry10b.o ABSOLUTE
    ../clib/microlib/init/entry.s            0x00000000   Number         0  entry9a.o ABSOLUTE
    ../clib/microlib/init/entry.s            0x00000000   Number         0  entry8a.o ABSOLUTE
    ../clib/microlib/init/entry.s            0x00000000   Number         0  entry9b.o ABSOLUTE
    ../clib/microlib/init/entry.s            0x00000000   Number         0  entry10a.o ABSOLUTE
    ../clib/microlib/init/entry.s            0x00000000   Number         0  entry11b.o ABSOLUTE
    ../clib/microlib/init/entry.s            0x00000000   Number         0  entry7b.o ABSOLUTE
    ../clib/microlib/init/entry.s            0x00000000   Number         0  entry11a.o ABSOLUTE
    ../clib/microlib/init/entry.s            0x00000000   Number         0  entry7a.o ABSOLUTE
    ../clib/microlib/init/entry.s            0x00000000   Number         0  entry5.o ABSOLUTE
    ../clib/microlib/init/entry.s            0x00000000   Number         0  entry.o ABSOLUTE
    ../clib/microlib/init/entry.s            0x00000000   Number         0  entry2.o ABSOLUTE
    ../clib/microlib/init/entry.s            0x00000000   Number         0  entry8b.o ABSOLUTE
    ../clib/microlib/longlong.c              0x00000000   Number         0  llsshr.o ABSOLUTE
    ../clib/microlib/longlong.c              0x00000000   Number         0  llshl.o ABSOLUTE
    ../clib/microlib/longlong.c              0x00000000   Number         0  llushr.o ABSOLUTE
    ../clib/microlib/printf/printf.c         0x00000000   Number         0  printfa.o ABSOLUTE
    ../clib/microlib/printf/printf.c         0x00000000   Number         0  printf2.o ABSOLUTE
    ../clib/microlib/printf/printf.c         0x00000000   Number         0  printf3.o ABSOLUTE
    ../clib/microlib/printf/printf.c         0x00000000   Number         0  printf4.o ABSOLUTE
    ../clib/microlib/printf/printf.c         0x00000000   Number         0  printf5.o ABSOLUTE
    ../clib/microlib/printf/printf.c         0x00000000   Number         0  printfb.o ABSOLUTE
    ../clib/microlib/printf/printf.c         0x00000000   Number         0  printf7.o ABSOLUTE
    ../clib/microlib/printf/printf.c         0x00000000   Number         0  printf8.o ABSOLUTE
    ../clib/microlib/printf/printf.c         0x00000000   Number         0  printf0.o ABSOLUTE
    ../clib/microlib/printf/printf.c         0x00000000   Number         0  printf1.o ABSOLUTE
    ../clib/microlib/printf/printf.c         0x00000000   Number         0  printf6.o ABSOLUTE
    ../clib/microlib/printf/stubs.s          0x00000000   Number         0  stubs.o ABSOLUTE
    ../clib/microlib/stdlib/rand.c           0x00000000   Number         0  rand.o ABSOLUTE
    ../clib/microlib/string/strcpy.c         0x00000000   Number         0  strcpy.o ABSOLUTE
    ../clib/microlib/stubs.s                 0x00000000   Number         0  iusefp.o ABSOLUTE
    ../fplib/microlib/d2f.c                  0x00000000   Number         0  d2f.o ABSOLUTE
    ../fplib/microlib/f2d.c                  0x00000000   Number         0  f2d.o ABSOLUTE
    ../fplib/microlib/fpadd.c                0x00000000   Number         0  dadd.o ABSOLUTE
    ../fplib/microlib/fpadd.c                0x00000000   Number         0  fadd.o ABSOLUTE
    ../fplib/microlib/fpdiv.c                0x00000000   Number         0  fdiv.o ABSOLUTE
    ../fplib/microlib/fpdiv.c                0x00000000   Number         0  ddiv.o ABSOLUTE
    ../fplib/microlib/fpepilogue.c           0x00000000   Number         0  depilogue.o ABSOLUTE
    ../fplib/microlib/fpepilogue.c           0x00000000   Number         0  fepilogue.o ABSOLUTE
    ../fplib/microlib/fpfix.c                0x00000000   Number         0  dfixi.o ABSOLUTE
    ../fplib/microlib/fpfix.c                0x00000000   Number         0  dfixul.o ABSOLUTE
    ../fplib/microlib/fpflt.c                0x00000000   Number         0  fflti.o ABSOLUTE
    ../fplib/microlib/fpflt.c                0x00000000   Number         0  ffltui.o ABSOLUTE
    ../fplib/microlib/fpflt.c                0x00000000   Number         0  dflti.o ABSOLUTE
    ../fplib/microlib/fpmul.c                0x00000000   Number         0  dmul.o ABSOLUTE
    ../fplib/microlib/fpmul.c                0x00000000   Number         0  fmul.o ABSOLUTE
    ../fplib/microlib/fpscalb.c              0x00000000   Number         0  dscalb.o ABSOLUTE
    ../fplib/microlib/fpsqrt.c               0x00000000   Number         0  dsqrt.o ABSOLUTE
    ../mathlib/dunder.c                      0x00000000   Number         0  dunder.o ABSOLUTE
    ../mathlib/exp.c                         0x00000000   Number         0  exp.o ABSOLUTE
    ../mathlib/exp.c                         0x00000000   Number         0  exp_x.o ABSOLUTE
    ../mathlib/fpclassify.c                  0x00000000   Number         0  fpclassify.o ABSOLUTE
    ../mathlib/poly.c                        0x00000000   Number         0  poly.o ABSOLUTE
    ../mathlib/pow.c                         0x00000000   Number         0  pow_x.o ABSOLUTE
    ../mathlib/pow.c                         0x00000000   Number         0  pow.o ABSOLUTE
    ../mathlib/qnan.c                        0x00000000   Number         0  qnan.o ABSOLUTE
    ../mathlib/sqrt.c                        0x00000000   Number         0  sqrt_x.o ABSOLUTE
    ../mathlib/sqrt.c                        0x00000000   Number         0  sqrt.o ABSOLUTE
    ..\..\Library\Device\Nuvoton\NUC100Series\Source\ARM\startup_NUC100Series.s 0x00000000   Number         0  startup_nuc100series.o ABSOLUTE
    ..\..\Library\Device\Nuvoton\NUC100Series\Source\system_NUC100Series.c 0x00000000   Number         0  system_nuc100series.o ABSOLUTE
    ..\..\Library\StdDriver\src\adc.c        0x00000000   Number         0  adc.o ABSOLUTE
    ..\..\Library\StdDriver\src\clk.c        0x00000000   Number         0  clk.o ABSOLUTE
    ..\..\Library\StdDriver\src\gpio.c       0x00000000   Number         0  gpio.o ABSOLUTE
    ..\..\Library\StdDriver\src\retarget.c   0x00000000   Number         0  retarget.o ABSOLUTE
    ..\..\Library\StdDriver\src\sys.c        0x00000000   Number         0  sys.o ABSOLUTE
    ..\..\Library\StdDriver\src\uart.c       0x00000000   Number         0  uart.o ABSOLUTE
    ..\\..\\Library\\Device\\Nuvoton\\NUC100Series\\Source\\system_NUC100Series.c 0x00000000   Number         0  system_nuc100series.o ABSOLUTE
    ..\\..\\Library\\StdDriver\\src\\adc.c   0x00000000   Number         0  adc.o ABSOLUTE
    ..\\..\\Library\\StdDriver\\src\\clk.c   0x00000000   Number         0  clk.o ABSOLUTE
    ..\\..\\Library\\StdDriver\\src\\gpio.c  0x00000000   Number         0  gpio.o ABSOLUTE
    ..\\..\\Library\\StdDriver\\src\\retarget.c 0x00000000   Number         0  retarget.o ABSOLUTE
    ..\\..\\Library\\StdDriver\\src\\sys.c   0x00000000   Number         0  sys.o ABSOLUTE
    ..\\..\\Library\\StdDriver\\src\\uart.c  0x00000000   Number         0  uart.o ABSOLUTE
    ..\\main.c                               0x00000000   Number         0  main.o ABSOLUTE
    ..\main.c                                0x00000000   Number         0  main.o ABSOLUTE
    cdcmple.s                                0x00000000   Number         0  cdcmple.o ABSOLUTE
    cdrcmple.s                               0x00000000   Number         0  cdrcmple.o ABSOLUTE
    cfrcmple.s                               0x00000000   Number         0  cfrcmple.o ABSOLUTE
    handlers.s                               0x00000000   Number         0  handlers.o ABSOLUTE
    init.s                                   0x00000000   Number         0  init.o ABSOLUTE
    .ARM.Collect$$$$00000000                 0x000000c0   Section        0  entry.o(.ARM.Collect$$$$00000000)
    .ARM.Collect$$$$00000001                 0x000000c0   Section        4  entry2.o(.ARM.Collect$$$$00000001)
    .ARM.Collect$$$$00000004                 0x000000c4   Section        4  entry5.o(.ARM.Collect$$$$00000004)
    .ARM.Collect$$$$00000008                 0x000000c8   Section        0  entry7b.o(.ARM.Collect$$$$00000008)
    .ARM.Collect$$$$0000000A                 0x000000c8   Section        0  entry8b.o(.ARM.Collect$$$$0000000A)
    .ARM.Collect$$$$0000000B                 0x000000c8   Section        8  entry9a.o(.ARM.Collect$$$$0000000B)
    .ARM.Collect$$$$0000000D                 0x000000d0   Section        0  entry10a.o(.ARM.Collect$$$$0000000D)
    .ARM.Collect$$$$0000000F                 0x000000d0   Section        0  entry11a.o(.ARM.Collect$$$$0000000F)
    .ARM.Collect$$$$00002712                 0x000000d0   Section        4  entry2.o(.ARM.Collect$$$$00002712)
    __lit__00000000                          0x000000d0   Data           4  entry2.o(.ARM.Collect$$$$00002712)
    .emb_text                                0x000000d4   Section       28  retarget.o(.emb_text)
    .text                                    0x000000f0   Section       76  startup_nuc100series.o(.text)
    Default_Handler                          0x0000011b   Thumb Code     2  startup_nuc100series.o(.text)
    .text                                    0x0000013c   Section        0  uidiv.o(.text)
    .text                                    0x00000168   Section        0  idiv.o(.text)
    .text                                    0x00000190   Section        0  rand.o(.text)
    .text                                    0x000001b4   Section        0  strcpy.o(.text)
    .text                                    0x000001c6   Section        0  fadd.o(.text)
    .text                                    0x00000278   Section        0  fmul.o(.text)
    .text                                    0x000002f2   Section        0  fdiv.o(.text)
    .text                                    0x00000370   Section        0  dadd.o(.text)
    .text                                    0x000004d4   Section        0  dmul.o(.text)
    .text                                    0x000005a4   Section        0  ddiv.o(.text)
    .text                                    0x00000694   Section        0  dscalb.o(.text)
    .text                                    0x000006c0   Section        0  fflti.o(.text)
    .text                                    0x000006d6   Section        0  ffltui.o(.text)
    .text                                    0x000006e4   Section        0  f2d.o(.text)
    .text                                    0x0000070c   Section        0  d2f.o(.text)
    .text                                    0x00000744   Section       20  cfrcmple.o(.text)
    .text                                    0x00000758   Section        0  uldiv.o(.text)
    .text                                    0x000007b8   Section        0  llshl.o(.text)
    .text                                    0x000007d8   Section        0  llsshr.o(.text)
    .text                                    0x000007fe   Section        0  fepilogue.o(.text)
    .text                                    0x000007fe   Section        0  iusefp.o(.text)
    .text                                    0x00000880   Section        0  depilogue.o(.text)
    .text                                    0x0000093e   Section        0  dsqrt.o(.text)
    .text                                    0x000009e0   Section        0  dflti.o(.text)
    .text                                    0x00000a08   Section        0  dfixi.o(.text)
    .text                                    0x00000a50   Section        0  dfixul.o(.text)
    .text                                    0x00000a90   Section       40  cdcmple.o(.text)
    .text                                    0x00000ab8   Section       40  cdrcmple.o(.text)
    .text                                    0x00000ae0   Section       36  init.o(.text)
    .text                                    0x00000b04   Section        0  llushr.o(.text)
    i.ADC_Open                               0x00000b28   Section        0  adc.o(i.ADC_Open)
    i.AdcSingleCycleScanModeTest             0x00000b48   Section        0  main.o(i.AdcSingleCycleScanModeTest)
    i.CLK_EnableModuleClock                  0x00000d90   Section        0  clk.o(i.CLK_EnableModuleClock)
    i.CLK_EnablePLL                          0x00000dc0   Section        0  clk.o(i.CLK_EnablePLL)
    i.CLK_EnableXtalRC                       0x00000f58   Section        0  clk.o(i.CLK_EnableXtalRC)
    i.CLK_GetPLLClockFreq                    0x00000f68   Section        0  uart.o(i.CLK_GetPLLClockFreq)
    CLK_GetPLLClockFreq                      0x00000f69   Thumb Code    70  uart.o(i.CLK_GetPLLClockFreq)
    i.CLK_SetCoreClock                       0x00000fc0   Section        0  clk.o(i.CLK_SetCoreClock)
    i.CLK_SetHCLK                            0x00001038   Section        0  clk.o(i.CLK_SetHCLK)
    i.CLK_SetModuleClock                     0x00001080   Section        0  clk.o(i.CLK_SetModuleClock)
    i.CLK_WaitClockReady                     0x0000114c   Section        0  clk.o(i.CLK_WaitClockReady)
    i.GPIO_SetMode                           0x00001178   Section        0  gpio.o(i.GPIO_SetMode)
    i.Get_Train_Accuracy                     0x000011a0   Section        0  main.o(i.Get_Train_Accuracy)
    i.Hard_Fault_Handler                     0x00001328   Section        0  retarget.o(i.Hard_Fault_Handler)
    __tagsym$$used                           0x00001329   Number         0  retarget.o(i.Hard_Fault_Handler)
    i.SYS_Init                               0x00001350   Section        0  main.o(i.SYS_Init)
    i.SYS_ResetModule                        0x000013ec   Section        0  sys.o(i.SYS_ResetModule)
    i.SendChar_ToUART                        0x00001408   Section        0  retarget.o(i.SendChar_ToUART)
    i.SystemCoreClockUpdate                  0x00001428   Section        0  system_nuc100series.o(i.SystemCoreClockUpdate)
    i.SystemInit                             0x000014b8   Section        0  system_nuc100series.o(i.SystemInit)
    i.UART0_Init                             0x000014bc   Section        0  main.o(i.UART0_Init)
    i.UART_Open                              0x000014d8   Section        0  uart.o(i.UART_Open)
    i.__0printf                              0x00001560   Section        0  printfa.o(i.__0printf)
    i.__ARM_clz                              0x00001580   Section        0  depilogue.o(i.__ARM_clz)
    i.__ARM_common_switch8                   0x000015ae   Section        0  main.o(i.__ARM_common_switch8)
    i.__ARM_fpclassify                       0x000015c8   Section        0  fpclassify.o(i.__ARM_fpclassify)
    i.__kernel_poly                          0x000015f4   Section        0  poly.o(i.__kernel_poly)
    i.__mathlib_dbl_divzero                  0x000016a0   Section        0  dunder.o(i.__mathlib_dbl_divzero)
    i.__mathlib_dbl_infnan                   0x000016b4   Section        0  dunder.o(i.__mathlib_dbl_infnan)
    i.__mathlib_dbl_infnan2                  0x000016be   Section        0  dunder.o(i.__mathlib_dbl_infnan2)
    i.__mathlib_dbl_invalid                  0x000016c6   Section        0  dunder.o(i.__mathlib_dbl_invalid)
    i.__mathlib_dbl_overflow                 0x000016d8   Section        0  dunder.o(i.__mathlib_dbl_overflow)
    i.__mathlib_dbl_underflow                0x000016ec   Section        0  dunder.o(i.__mathlib_dbl_underflow)
    i.__scatterload_copy                     0x00001700   Section       14  handlers.o(i.__scatterload_copy)
    i.__scatterload_null                     0x0000170e   Section        2  handlers.o(i.__scatterload_null)
    i.__scatterload_zeroinit                 0x00001710   Section       14  handlers.o(i.__scatterload_zeroinit)
    i.__set_errno                            0x00001720   Section        0  errno.o(i.__set_errno)
    i._fp_digits                             0x0000172c   Section        0  printfa.o(i._fp_digits)
    _fp_digits                               0x0000172d   Thumb Code   344  printfa.o(i._fp_digits)
    i._printf_core                           0x000018a0   Section        0  printfa.o(i._printf_core)
    _printf_core                             0x000018a1   Thumb Code  1754  printfa.o(i._printf_core)
    i._printf_post_padding                   0x00001f8c   Section        0  printfa.o(i._printf_post_padding)
    _printf_post_padding                     0x00001f8d   Thumb Code    32  printfa.o(i._printf_post_padding)
    i._printf_pre_padding                    0x00001fac   Section        0  printfa.o(i._printf_pre_padding)
    _printf_pre_padding                      0x00001fad   Thumb Code    44  printfa.o(i._printf_pre_padding)
    i.data_setup                             0x00001fd8   Section        0  main.o(i.data_setup)
    i.exp                                    0x00002070   Section        0  exp.o(i.exp)
    i.fputc                                  0x000022ec   Section        0  retarget.o(i.fputc)
    i.load_weight                            0x000022f8   Section        0  main.o(i.load_weight)
    i.main                                   0x00002420   Section        0  main.o(i.main)
    i.normalize                              0x00002ae8   Section        0  main.o(i.normalize)
    i.pow                                    0x00002b14   Section        0  pow.o(i.pow)
    i.run_test_data                          0x00003510   Section        0  main.o(i.run_test_data)
    i.run_train_data                         0x00003720   Section        0  main.o(i.run_train_data)
    i.scale_data                             0x0000392c   Section        0  main.o(i.scale_data)
    i.sqrt                                   0x00003a44   Section        0  sqrt.o(i.sqrt)
    i.stackDump                              0x00003a8c   Section        0  retarget.o(i.stackDump)
    stackDump                                0x00003a8d   Thumb Code    70  retarget.o(i.stackDump)
    i.test_preprocess                        0x00003b34   Section        0  main.o(i.test_preprocess)
    i.train_preprocess                       0x00003b54   Section        0  main.o(i.train_preprocess)
    .constdata                               0x00003b74   Section       56  clk.o(.constdata)
    .constdata                               0x00003bac   Section       48  uart.o(.constdata)
    .constdata                               0x00003be0   Section       88  exp.o(.constdata)
    halF                                     0x00003be0   Data          16  exp.o(.constdata)
    ln2HI                                    0x00003bf0   Data          16  exp.o(.constdata)
    ln2LO                                    0x00003c00   Data          16  exp.o(.constdata)
    P                                        0x00003c10   Data          40  exp.o(.constdata)
    .constdata                               0x00003c38   Section      136  pow.o(.constdata)
    bp                                       0x00003c38   Data          16  pow.o(.constdata)
    dp_h                                     0x00003c48   Data          16  pow.o(.constdata)
    dp_l                                     0x00003c58   Data          16  pow.o(.constdata)
    L                                        0x00003c68   Data          48  pow.o(.constdata)
    P                                        0x00003c98   Data          40  pow.o(.constdata)
    .constdata                               0x00003cc0   Section        8  qnan.o(.constdata)
    .conststring                             0x00003cc8   Section      227  main.o(.conststring)
    .data                                    0x20000000   Section       44  system_nuc100series.o(.data)
    .data                                    0x2000002c   Section     8432  main.o(.data)
    .data                                    0x2000211c   Section        4  retarget.o(.data)
    .data                                    0x20002120   Section        4  rand.o(.data)
    _rand_state                              0x20002120   Data           4  rand.o(.data)
    .data                                    0x20002124   Section        4  errno.o(.data)
    _errno                                   0x20002124   Data           4  errno.o(.data)
    .bss                                     0x20002128   Section     1988  main.o(.bss)
    STACK                                    0x200028f0   Section     1024  startup_nuc100series.o(STACK)

    Global Symbols

    Symbol Name                              Value     Ov Type        Size  Object(Section)

    BuildAttributes$$THM_ISAv3M$S$PE$A:L22$X:L11$S22$IEEE1$IW$USESV6$~STKCKD$USESV7$~SHL$OTIME$ROPI$IEEEX$EBA8$MICROLIB$REQ8$PRES8$EABIv2 0x00000000   Number         0  anon$$obj.o ABSOLUTE
    __ARM_use_no_argv                        0x00000000   Number         0  main.o ABSOLUTE
    __Vectors                                0x00000000   Data           4  startup_nuc100series.o(RESET)
    _printf_a                                0x00000000   Number         0  stubs.o ABSOLUTE
    _printf_c                                0x00000000   Number         0  stubs.o ABSOLUTE
    _printf_charcount                        0x00000000   Number         0  stubs.o ABSOLUTE
    _printf_d                                0x00000000   Number         0  stubs.o ABSOLUTE
    _printf_e                                0x00000000   Number         0  stubs.o ABSOLUTE
    _printf_f                                0x00000000   Number         0  stubs.o ABSOLUTE
    _printf_flags                            0x00000000   Number         0  stubs.o ABSOLUTE
    _printf_fp_dec                           0x00000000   Number         0  stubs.o ABSOLUTE
    _printf_fp_hex                           0x00000000   Number         0  stubs.o ABSOLUTE
    _printf_g                                0x00000000   Number         0  stubs.o ABSOLUTE
    _printf_i                                0x00000000   Number         0  stubs.o ABSOLUTE
    _printf_int_dec                          0x00000000   Number         0  stubs.o ABSOLUTE
    _printf_l                                0x00000000   Number         0  stubs.o ABSOLUTE
    _printf_lc                               0x00000000   Number         0  stubs.o ABSOLUTE
    _printf_ll                               0x00000000   Number         0  stubs.o ABSOLUTE
    _printf_lld                              0x00000000   Number         0  stubs.o ABSOLUTE
    _printf_lli                              0x00000000   Number         0  stubs.o ABSOLUTE
    _printf_llo                              0x00000000   Number         0  stubs.o ABSOLUTE
    _printf_llu                              0x00000000   Number         0  stubs.o ABSOLUTE
    _printf_llx                              0x00000000   Number         0  stubs.o ABSOLUTE
    _printf_longlong_dec                     0x00000000   Number         0  stubs.o ABSOLUTE
    _printf_longlong_hex                     0x00000000   Number         0  stubs.o ABSOLUTE
    _printf_longlong_oct                     0x00000000   Number         0  stubs.o ABSOLUTE
    _printf_ls                               0x00000000   Number         0  stubs.o ABSOLUTE
    _printf_mbtowc                           0x00000000   Number         0  stubs.o ABSOLUTE
    _printf_n                                0x00000000   Number         0  stubs.o ABSOLUTE
    _printf_o                                0x00000000   Number         0  stubs.o ABSOLUTE
    _printf_p                                0x00000000   Number         0  stubs.o ABSOLUTE
    _printf_percent                          0x00000000   Number         0  stubs.o ABSOLUTE
    _printf_pre_padding                      0x00000000   Number         0  stubs.o ABSOLUTE
    _printf_return_value                     0x00000000   Number         0  stubs.o ABSOLUTE
    _printf_s                                0x00000000   Number         0  stubs.o ABSOLUTE
    _printf_sizespec                         0x00000000   Number         0  stubs.o ABSOLUTE
    _printf_str                              0x00000000   Number         0  stubs.o ABSOLUTE
    _printf_truncate_signed                  0x00000000   Number         0  stubs.o ABSOLUTE
    _printf_truncate_unsigned                0x00000000   Number         0  stubs.o ABSOLUTE
    _printf_u                                0x00000000   Number         0  stubs.o ABSOLUTE
    _printf_wc                               0x00000000   Number         0  stubs.o ABSOLUTE
    _printf_wctomb                           0x00000000   Number         0  stubs.o ABSOLUTE
    _printf_widthprec                        0x00000000   Number         0  stubs.o ABSOLUTE
    _printf_x                                0x00000000   Number         0  stubs.o ABSOLUTE
    __cpp_initialize__aeabi_                  - Undefined Weak Reference
    __cxa_finalize                            - Undefined Weak Reference
    __decompress                              - Undefined Weak Reference
    _clock_init                               - Undefined Weak Reference
    _microlib_exit                            - Undefined Weak Reference
    __main                                   0x000000c1   Thumb Code     0  entry.o(.ARM.Collect$$$$00000000)
    _main_stk                                0x000000c1   Thumb Code     0  entry2.o(.ARM.Collect$$$$00000001)
    _main_scatterload                        0x000000c5   Thumb Code     0  entry5.o(.ARM.Collect$$$$00000004)
    __main_after_scatterload                 0x000000c9   Thumb Code     0  entry5.o(.ARM.Collect$$$$00000004)
    _main_clock                              0x000000c9   Thumb Code     0  entry7b.o(.ARM.Collect$$$$00000008)
    _main_cpp_init                           0x000000c9   Thumb Code     0  entry8b.o(.ARM.Collect$$$$0000000A)
    _main_init                               0x000000c9   Thumb Code     0  entry9a.o(.ARM.Collect$$$$0000000B)
    __rt_final_cpp                           0x000000d1   Thumb Code     0  entry10a.o(.ARM.Collect$$$$0000000D)
    __rt_final_exit                          0x000000d1   Thumb Code     0  entry11a.o(.ARM.Collect$$$$0000000F)
    HardFault_Handler                        0x000000d5   Thumb Code    24  retarget.o(.emb_text)
    Reset_Handler                            0x000000f1   Thumb Code    32  startup_nuc100series.o(.text)
    NMI_Handler                              0x00000111   Thumb Code     2  startup_nuc100series.o(.text)
    SVC_Handler                              0x00000115   Thumb Code     2  startup_nuc100series.o(.text)
    PendSV_Handler                           0x00000117   Thumb Code     2  startup_nuc100series.o(.text)
    SysTick_Handler                          0x00000119   Thumb Code     2  startup_nuc100series.o(.text)
    ACMP_IRQHandler                          0x0000011b   Thumb Code     0  startup_nuc100series.o(.text)
    ADC_IRQHandler                           0x0000011b   Thumb Code     0  startup_nuc100series.o(.text)
    BOD_IRQHandler                           0x0000011b   Thumb Code     0  startup_nuc100series.o(.text)
    CAN0_IRQHandler                          0x0000011b   Thumb Code     0  startup_nuc100series.o(.text)
    CAN1_IRQHandler                          0x0000011b   Thumb Code     0  startup_nuc100series.o(.text)
    EINT0_IRQHandler                         0x0000011b   Thumb Code     0  startup_nuc100series.o(.text)
    EINT1_IRQHandler                         0x0000011b   Thumb Code     0  startup_nuc100series.o(.text)
    GPAB_IRQHandler                          0x0000011b   Thumb Code     0  startup_nuc100series.o(.text)
    GPCDEF_IRQHandler                        0x0000011b   Thumb Code     0  startup_nuc100series.o(.text)
    I2C0_IRQHandler                          0x0000011b   Thumb Code     0  startup_nuc100series.o(.text)
    I2C1_IRQHandler                          0x0000011b   Thumb Code     0  startup_nuc100series.o(.text)
    I2S_IRQHandler                           0x0000011b   Thumb Code     0  startup_nuc100series.o(.text)
    PDMA_IRQHandler                          0x0000011b   Thumb Code     0  startup_nuc100series.o(.text)
    PS2_IRQHandler                           0x0000011b   Thumb Code     0  startup_nuc100series.o(.text)
    PWMA_IRQHandler                          0x0000011b   Thumb Code     0  startup_nuc100series.o(.text)
    PWMB_IRQHandler                          0x0000011b   Thumb Code     0  startup_nuc100series.o(.text)
    PWRWU_IRQHandler                         0x0000011b   Thumb Code     0  startup_nuc100series.o(.text)
    RTC_IRQHandler                           0x0000011b   Thumb Code     0  startup_nuc100series.o(.text)
    SC012_IRQHandler                         0x0000011b   Thumb Code     0  startup_nuc100series.o(.text)
    SPI0_IRQHandler                          0x0000011b   Thumb Code     0  startup_nuc100series.o(.text)
    SPI1_IRQHandler                          0x0000011b   Thumb Code     0  startup_nuc100series.o(.text)
    SPI2_IRQHandler                          0x0000011b   Thumb Code     0  startup_nuc100series.o(.text)
    SPI3_IRQHandler                          0x0000011b   Thumb Code     0  startup_nuc100series.o(.text)
    TMR0_IRQHandler                          0x0000011b   Thumb Code     0  startup_nuc100series.o(.text)
    TMR1_IRQHandler                          0x0000011b   Thumb Code     0  startup_nuc100series.o(.text)
    TMR2_IRQHandler                          0x0000011b   Thumb Code     0  startup_nuc100series.o(.text)
    TMR3_IRQHandler                          0x0000011b   Thumb Code     0  startup_nuc100series.o(.text)
    UART02_IRQHandler                        0x0000011b   Thumb Code     0  startup_nuc100series.o(.text)
    UART1_IRQHandler                         0x0000011b   Thumb Code     0  startup_nuc100series.o(.text)
    USBD_IRQHandler                          0x0000011b   Thumb Code     0  startup_nuc100series.o(.text)
    WDT_IRQHandler                           0x0000011b   Thumb Code     0  startup_nuc100series.o(.text)
    __aeabi_uidiv                            0x0000013d   Thumb Code     0  uidiv.o(.text)
    __aeabi_uidivmod                         0x0000013d   Thumb Code    44  uidiv.o(.text)
    __aeabi_idiv                             0x00000169   Thumb Code     0  idiv.o(.text)
    __aeabi_idivmod                          0x00000169   Thumb Code    40  idiv.o(.text)
    rand                                     0x00000191   Thumb Code    18  rand.o(.text)
    srand                                    0x000001a3   Thumb Code     6  rand.o(.text)
    strcpy                                   0x000001b5   Thumb Code    18  strcpy.o(.text)
    __aeabi_fadd                             0x000001c7   Thumb Code   162  fadd.o(.text)
    __aeabi_fsub                             0x00000269   Thumb Code     8  fadd.o(.text)
    __aeabi_frsub                            0x00000271   Thumb Code     8  fadd.o(.text)
    __aeabi_fmul                             0x00000279   Thumb Code   122  fmul.o(.text)
    __aeabi_fdiv                             0x000002f3   Thumb Code   124  fdiv.o(.text)
    __aeabi_dadd                             0x00000371   Thumb Code   328  dadd.o(.text)
    __aeabi_dsub                             0x000004b9   Thumb Code    12  dadd.o(.text)
    __aeabi_drsub                            0x000004c5   Thumb Code    12  dadd.o(.text)
    __aeabi_dmul                             0x000004d5   Thumb Code   202  dmul.o(.text)
    __aeabi_ddiv                             0x000005a5   Thumb Code   234  ddiv.o(.text)
    __ARM_scalbn                             0x00000695   Thumb Code    44  dscalb.o(.text)
    scalbn                                   0x00000695   Thumb Code     0  dscalb.o(.text)
    __aeabi_i2f                              0x000006c1   Thumb Code    22  fflti.o(.text)
    __aeabi_ui2f                             0x000006d7   Thumb Code    14  ffltui.o(.text)
    __aeabi_f2d                              0x000006e5   Thumb Code    40  f2d.o(.text)
    __aeabi_d2f                              0x0000070d   Thumb Code    56  d2f.o(.text)
    __aeabi_cfrcmple                         0x00000745   Thumb Code    20  cfrcmple.o(.text)
    __aeabi_uldivmod                         0x00000759   Thumb Code    96  uldiv.o(.text)
    __aeabi_llsl                             0x000007b9   Thumb Code    32  llshl.o(.text)
    _ll_shift_l                              0x000007b9   Thumb Code     0  llshl.o(.text)
    __aeabi_lasr                             0x000007d9   Thumb Code    38  llsshr.o(.text)
    _ll_sshift_r                             0x000007d9   Thumb Code     0  llsshr.o(.text)
    __I$use$fp                               0x000007ff   Thumb Code     0  iusefp.o(.text)
    _float_round                             0x000007ff   Thumb Code    16  fepilogue.o(.text)
    _float_epilogue                          0x0000080f   Thumb Code   114  fepilogue.o(.text)
    _double_round                            0x00000881   Thumb Code    26  depilogue.o(.text)
    _double_epilogue                         0x0000089b   Thumb Code   164  depilogue.o(.text)
    _dsqrt                                   0x0000093f   Thumb Code   162  dsqrt.o(.text)
    __aeabi_i2d                              0x000009e1   Thumb Code    34  dflti.o(.text)
    __aeabi_d2iz                             0x00000a09   Thumb Code    62  dfixi.o(.text)
    __aeabi_d2ulz                            0x00000a51   Thumb Code    54  dfixul.o(.text)
    __aeabi_cdcmpeq                          0x00000a91   Thumb Code     0  cdcmple.o(.text)
    __aeabi_cdcmple                          0x00000a91   Thumb Code    38  cdcmple.o(.text)
    __aeabi_cdrcmple                         0x00000ab9   Thumb Code    38  cdrcmple.o(.text)
    __scatterload                            0x00000ae1   Thumb Code    28  init.o(.text)
    __scatterload_rt2                        0x00000ae1   Thumb Code     0  init.o(.text)
    __aeabi_llsr                             0x00000b05   Thumb Code    34  llushr.o(.text)
    _ll_ushift_r                             0x00000b05   Thumb Code     0  llushr.o(.text)
    ADC_Open                                 0x00000b29   Thumb Code    26  adc.o(i.ADC_Open)
    AdcSingleCycleScanModeTest               0x00000b49   Thumb Code   430  main.o(i.AdcSingleCycleScanModeTest)
    CLK_EnableModuleClock                    0x00000d91   Thumb Code    40  clk.o(i.CLK_EnableModuleClock)
    CLK_EnablePLL                            0x00000dc1   Thumb Code   348  clk.o(i.CLK_EnablePLL)
    CLK_EnableXtalRC                         0x00000f59   Thumb Code    10  clk.o(i.CLK_EnableXtalRC)
    CLK_SetCoreClock                         0x00000fc1   Thumb Code   112  clk.o(i.CLK_SetCoreClock)
    CLK_SetHCLK                              0x00001039   Thumb Code    66  clk.o(i.CLK_SetHCLK)
    CLK_SetModuleClock                       0x00001081   Thumb Code   180  clk.o(i.CLK_SetModuleClock)
    CLK_WaitClockReady                       0x0000114d   Thumb Code    34  clk.o(i.CLK_WaitClockReady)
    GPIO_SetMode                             0x00001179   Thumb Code    40  gpio.o(i.GPIO_SetMode)
    Get_Train_Accuracy                       0x000011a1   Thumb Code   370  main.o(i.Get_Train_Accuracy)
    Hard_Fault_Handler                       0x00001329   Thumb Code    16  retarget.o(i.Hard_Fault_Handler)
    SYS_Init                                 0x00001351   Thumb Code   136  main.o(i.SYS_Init)
    SYS_ResetModule                          0x000013ed   Thumb Code    26  sys.o(i.SYS_ResetModule)
    SendChar_ToUART                          0x00001409   Thumb Code    26  retarget.o(i.SendChar_ToUART)
    SystemCoreClockUpdate                    0x00001429   Thumb Code   118  system_nuc100series.o(i.SystemCoreClockUpdate)
    SystemInit                               0x000014b9   Thumb Code     2  system_nuc100series.o(i.SystemInit)
    UART0_Init                               0x000014bd   Thumb Code    20  main.o(i.UART0_Init)
    UART_Open                                0x000014d9   Thumb Code   120  uart.o(i.UART_Open)
    __0printf                                0x00001561   Thumb Code    24  printfa.o(i.__0printf)
    __1printf                                0x00001561   Thumb Code     0  printfa.o(i.__0printf)
    __2printf                                0x00001561   Thumb Code     0  printfa.o(i.__0printf)
    __c89printf                              0x00001561   Thumb Code     0  printfa.o(i.__0printf)
    printf                                   0x00001561   Thumb Code     0  printfa.o(i.__0printf)
    __ARM_clz                                0x00001581   Thumb Code    46  depilogue.o(i.__ARM_clz)
    __ARM_common_switch8                     0x000015af   Thumb Code    26  main.o(i.__ARM_common_switch8)
    __ARM_fpclassify                         0x000015c9   Thumb Code    40  fpclassify.o(i.__ARM_fpclassify)
    __kernel_poly                            0x000015f5   Thumb Code   172  poly.o(i.__kernel_poly)
    __mathlib_dbl_divzero                    0x000016a1   Thumb Code    16  dunder.o(i.__mathlib_dbl_divzero)
    __mathlib_dbl_infnan                     0x000016b5   Thumb Code    10  dunder.o(i.__mathlib_dbl_infnan)
    __mathlib_dbl_infnan2                    0x000016bf   Thumb Code     8  dunder.o(i.__mathlib_dbl_infnan2)
    __mathlib_dbl_invalid                    0x000016c7   Thumb Code    16  dunder.o(i.__mathlib_dbl_invalid)
    __mathlib_dbl_overflow                   0x000016d9   Thumb Code    16  dunder.o(i.__mathlib_dbl_overflow)
    __mathlib_dbl_underflow                  0x000016ed   Thumb Code    14  dunder.o(i.__mathlib_dbl_underflow)
    __scatterload_copy                       0x00001701   Thumb Code    14  handlers.o(i.__scatterload_copy)
    __scatterload_null                       0x0000170f   Thumb Code     2  handlers.o(i.__scatterload_null)
    __scatterload_zeroinit                   0x00001711   Thumb Code    14  handlers.o(i.__scatterload_zeroinit)
    __set_errno                              0x00001721   Thumb Code     6  errno.o(i.__set_errno)
    data_setup                               0x00001fd9   Thumb Code   120  main.o(i.data_setup)
    exp                                      0x00002071   Thumb Code   542  exp.o(i.exp)
    fputc                                    0x000022ed   Thumb Code    12  retarget.o(i.fputc)
    load_weight                              0x000022f9   Thumb Code   204  main.o(i.load_weight)
    main                                     0x00002421   Thumb Code  1544  main.o(i.main)
    normalize                                0x00002ae9   Thumb Code    38  main.o(i.normalize)
    pow                                      0x00002b15   Thumb Code  2548  pow.o(i.pow)
    run_test_data                            0x00003511   Thumb Code   398  main.o(i.run_test_data)
    run_train_data                           0x00003721   Thumb Code   400  main.o(i.run_train_data)
    scale_data                               0x0000392d   Thumb Code   244  main.o(i.scale_data)
    sqrt                                     0x00003a45   Thumb Code    66  sqrt.o(i.sqrt)
    test_preprocess                          0x00003b35   Thumb Code    26  main.o(i.test_preprocess)
    train_preprocess                         0x00003b55   Thumb Code    26  main.o(i.train_preprocess)
    __mathlib_zero                           0x00003cc0   Data           8  qnan.o(.constdata)
    Region$$Table$$Base                      0x00003dac   Number         0  anon$$obj.o(Region$$Table)
    Region$$Table$$Limit                     0x00003dcc   Number         0  anon$$obj.o(Region$$Table)
    SystemCoreClock                          0x20000000   Data           4  system_nuc100series.o(.data)
    CyclesPerUs                              0x20000004   Data           4  system_nuc100series.o(.data)
    PllClock                                 0x20000008   Data           4  system_nuc100series.o(.data)
    gau32ClkSrcTbl                           0x2000000c   Data          32  system_nuc100series.o(.data)
    ReportEvery10                            0x2000002c   Data           4  main.o(.data)
    TrainingCycle                            0x20000030   Data           4  main.o(.data)
    Rando                                    0x20000034   Data           4  main.o(.data)
    Error                                    0x20000038   Data           4  main.o(.data)
    Accum                                    0x2000003c   Data           4  main.o(.data)
    target_value                             0x20000040   Data           4  main.o(.data)
    out_value                                0x20000044   Data           4  main.o(.data)
    max                                      0x20000048   Data           4  main.o(.data)
    train_data_input                         0x2000004c   Data        2100  main.o(.data)
    train_data_output                        0x20000880   Data        4900  main.o(.data)
    test_data_input                          0x20001ba4   Data         420  main.o(.data)
    test_data_output                         0x20001d48   Data         980  main.o(.data)
    __stdout                                 0x2000211c   Data           4  retarget.o(.data)
    data_mean                                0x20002128   Data          12  main.o(.bss)
    data_std                                 0x20002134   Data          12  main.o(.bss)
    RandomizedIndex                          0x20002140   Data         700  main.o(.bss)
    Hidden                                   0x200023fc   Data          48  main.o(.bss)
    Output                                   0x2000242c   Data          28  main.o(.bss)
    HiddenWeights                            0x20002448   Data         192  main.o(.bss)
    OutputWeights                            0x20002508   Data         364  main.o(.bss)
    HiddenDelta                              0x20002674   Data          48  main.o(.bss)
    OutputDelta                              0x200026a4   Data          28  main.o(.bss)
    ChangeHiddenWeights                      0x200026c0   Data         192  main.o(.bss)
    ChangeOutputWeights                      0x20002780   Data         364  main.o(.bss)
    __initial_sp                             0x20002cf0   Data           0  startup_nuc100series.o(STACK)



==============================================================================

Memory Map of the image

  Image Entry point : 0x000000f1

  Load Region LR_1 (Base: 0x00000000, Size: 0x00005ef4, Max: 0xffffffff, ABSOLUTE)

    Execution Region ER_RO (Exec base: 0x00000000, Load base: 0x00000000, Size: 0x00003dcc, Max: 0xffffffff, ABSOLUTE)

    Exec Addr    Load Addr    Size         Type   Attr      Idx    E Section Name        Object

    0x00000000   0x00000000   0x000000c0   Data   RO          114    RESET               startup_nuc100series.o
    0x000000c0   0x000000c0   0x00000000   Code   RO          783  * .ARM.Collect$$$$00000000  mc_p.l(entry.o)
    0x000000c0   0x000000c0   0x00000004   Code   RO         1097    .ARM.Collect$$$$00000001  mc_p.l(entry2.o)
    0x000000c4   0x000000c4   0x00000004   Code   RO         1100    .ARM.Collect$$$$00000004  mc_p.l(entry5.o)
    0x000000c8   0x000000c8   0x00000000   Code   RO         1102    .ARM.Collect$$$$00000008  mc_p.l(entry7b.o)
    0x000000c8   0x000000c8   0x00000000   Code   RO         1104    .ARM.Collect$$$$0000000A  mc_p.l(entry8b.o)
    0x000000c8   0x000000c8   0x00000008   Code   RO         1105    .ARM.Collect$$$$0000000B  mc_p.l(entry9a.o)
    0x000000d0   0x000000d0   0x00000000   Code   RO         1107    .ARM.Collect$$$$0000000D  mc_p.l(entry10a.o)
    0x000000d0   0x000000d0   0x00000000   Code   RO         1109    .ARM.Collect$$$$0000000F  mc_p.l(entry11a.o)
    0x000000d0   0x000000d0   0x00000004   Code   RO         1098    .ARM.Collect$$$$00002712  mc_p.l(entry2.o)
    0x000000d4   0x000000d4   0x0000001c   Code   RO          264    .emb_text           retarget.o
    0x000000f0   0x000000f0   0x0000004c   Code   RO          115  * .text               startup_nuc100series.o
    0x0000013c   0x0000013c   0x0000002c   Code   RO          784    .text               mc_p.l(uidiv.o)
    0x00000168   0x00000168   0x00000028   Code   RO          786    .text               mc_p.l(idiv.o)
    0x00000190   0x00000190   0x00000024   Code   RO          788    .text               mc_p.l(rand.o)
    0x000001b4   0x000001b4   0x00000012   Code   RO          791    .text               mc_p.l(strcpy.o)
    0x000001c6   0x000001c6   0x000000b2   Code   RO         1054    .text               mf_p.l(fadd.o)
    0x00000278   0x00000278   0x0000007a   Code   RO         1056    .text               mf_p.l(fmul.o)
    0x000002f2   0x000002f2   0x0000007c   Code   RO         1058    .text               mf_p.l(fdiv.o)
    0x0000036e   0x0000036e   0x00000002   PAD
    0x00000370   0x00000370   0x00000164   Code   RO         1060    .text               mf_p.l(dadd.o)
    0x000004d4   0x000004d4   0x000000d0   Code   RO         1062    .text               mf_p.l(dmul.o)
    0x000005a4   0x000005a4   0x000000f0   Code   RO         1064    .text               mf_p.l(ddiv.o)
    0x00000694   0x00000694   0x0000002c   Code   RO         1066    .text               mf_p.l(dscalb.o)
    0x000006c0   0x000006c0   0x00000016   Code   RO         1068    .text               mf_p.l(fflti.o)
    0x000006d6   0x000006d6   0x0000000e   Code   RO         1070    .text               mf_p.l(ffltui.o)
    0x000006e4   0x000006e4   0x00000028   Code   RO         1072    .text               mf_p.l(f2d.o)
    0x0000070c   0x0000070c   0x00000038   Code   RO         1074    .text               mf_p.l(d2f.o)
    0x00000744   0x00000744   0x00000014   Code   RO         1076    .text               mf_p.l(cfrcmple.o)
    0x00000758   0x00000758   0x00000060   Code   RO         1111    .text               mc_p.l(uldiv.o)
    0x000007b8   0x000007b8   0x00000020   Code   RO         1113    .text               mc_p.l(llshl.o)
    0x000007d8   0x000007d8   0x00000026   Code   RO         1115    .text               mc_p.l(llsshr.o)
    0x000007fe   0x000007fe   0x00000000   Code   RO         1124    .text               mc_p.l(iusefp.o)
    0x000007fe   0x000007fe   0x00000082   Code   RO         1125    .text               mf_p.l(fepilogue.o)
    0x00000880   0x00000880   0x000000be   Code   RO         1127    .text               mf_p.l(depilogue.o)
    0x0000093e   0x0000093e   0x000000a2   Code   RO         1131    .text               mf_p.l(dsqrt.o)
    0x000009e0   0x000009e0   0x00000028   Code   RO         1133    .text               mf_p.l(dflti.o)
    0x00000a08   0x00000a08   0x00000048   Code   RO         1135    .text               mf_p.l(dfixi.o)
    0x00000a50   0x00000a50   0x00000040   Code   RO         1137    .text               mf_p.l(dfixul.o)
    0x00000a90   0x00000a90   0x00000028   Code   RO         1139    .text               mf_p.l(cdcmple.o)
    0x00000ab8   0x00000ab8   0x00000028   Code   RO         1141    .text               mf_p.l(cdrcmple.o)
    0x00000ae0   0x00000ae0   0x00000024   Code   RO         1143    .text               mc_p.l(init.o)
    0x00000b04   0x00000b04   0x00000022   Code   RO         1145    .text               mc_p.l(llushr.o)
    0x00000b26   0x00000b26   0x00000002   PAD
    0x00000b28   0x00000b28   0x00000020   Code   RO          680    i.ADC_Open          adc.o
    0x00000b48   0x00000b48   0x00000248   Code   RO          121    i.AdcSingleCycleScanModeTest  main.o
    0x00000d90   0x00000d90   0x00000030   Code   RO          361    i.CLK_EnableModuleClock  clk.o
    0x00000dc0   0x00000dc0   0x00000198   Code   RO          362    i.CLK_EnablePLL     clk.o
    0x00000f58   0x00000f58   0x00000010   Code   RO          363    i.CLK_EnableXtalRC  clk.o
    0x00000f68   0x00000f68   0x00000058   Code   RO          565    i.CLK_GetPLLClockFreq  uart.o
    0x00000fc0   0x00000fc0   0x00000078   Code   RO          371    i.CLK_SetCoreClock  clk.o
    0x00001038   0x00001038   0x00000048   Code   RO          372    i.CLK_SetHCLK       clk.o
    0x00001080   0x00001080   0x000000cc   Code   RO          373    i.CLK_SetModuleClock  clk.o
    0x0000114c   0x0000114c   0x0000002c   Code   RO          375    i.CLK_WaitClockReady  clk.o
    0x00001178   0x00001178   0x00000028   Code   RO          727    i.GPIO_SetMode      gpio.o
    0x000011a0   0x000011a0   0x00000188   Code   RO          122    i.Get_Train_Accuracy  main.o
    0x00001328   0x00001328   0x00000028   Code   RO          266    i.Hard_Fault_Handler  retarget.o
    0x00001350   0x00001350   0x0000009c   Code   RO          123    i.SYS_Init          main.o
    0x000013ec   0x000013ec   0x0000001a   Code   RO          500    i.SYS_ResetModule   sys.o
    0x00001406   0x00001406   0x00000002   PAD
    0x00001408   0x00001408   0x00000020   Code   RO          269    i.SendChar_ToUART   retarget.o
    0x00001428   0x00001428   0x00000090   Code   RO            3    i.SystemCoreClockUpdate  system_nuc100series.o
    0x000014b8   0x000014b8   0x00000002   Code   RO            4    i.SystemInit        system_nuc100series.o
    0x000014ba   0x000014ba   0x00000002   PAD
    0x000014bc   0x000014bc   0x0000001c   Code   RO          124    i.UART0_Init        main.o
    0x000014d8   0x000014d8   0x00000088   Code   RO          572    i.UART_Open         uart.o
    0x00001560   0x00001560   0x00000020   Code   RO         1026    i.__0printf         mc_p.l(printfa.o)
    0x00001580   0x00001580   0x0000002e   Code   RO         1129    i.__ARM_clz         mf_p.l(depilogue.o)
    0x000015ae   0x000015ae   0x0000001a   Code   RO          214    i.__ARM_common_switch8  main.o
    0x000015c8   0x000015c8   0x0000002c   Code   RO         1092    i.__ARM_fpclassify  m_ps.l(fpclassify.o)
    0x000015f4   0x000015f4   0x000000ac   Code   RO         1094    i.__kernel_poly     m_ps.l(poly.o)
    0x000016a0   0x000016a0   0x00000014   Code   RO         1078    i.__mathlib_dbl_divzero  m_ps.l(dunder.o)
    0x000016b4   0x000016b4   0x0000000a   Code   RO         1079    i.__mathlib_dbl_infnan  m_ps.l(dunder.o)
    0x000016be   0x000016be   0x00000008   Code   RO         1080    i.__mathlib_dbl_infnan2  m_ps.l(dunder.o)
    0x000016c6   0x000016c6   0x00000010   Code   RO         1081    i.__mathlib_dbl_invalid  m_ps.l(dunder.o)
    0x000016d6   0x000016d6   0x00000002   PAD
    0x000016d8   0x000016d8   0x00000014   Code   RO         1082    i.__mathlib_dbl_overflow  m_ps.l(dunder.o)
    0x000016ec   0x000016ec   0x00000014   Code   RO         1084    i.__mathlib_dbl_underflow  m_ps.l(dunder.o)
    0x00001700   0x00001700   0x0000000e   Code   RO         1149    i.__scatterload_copy  mc_p.l(handlers.o)
    0x0000170e   0x0000170e   0x00000002   Code   RO         1150    i.__scatterload_null  mc_p.l(handlers.o)
    0x00001710   0x00001710   0x0000000e   Code   RO         1151    i.__scatterload_zeroinit  mc_p.l(handlers.o)
    0x0000171e   0x0000171e   0x00000002   PAD
    0x00001720   0x00001720   0x0000000c   Code   RO         1119    i.__set_errno       mc_p.l(errno.o)
    0x0000172c   0x0000172c   0x00000174   Code   RO         1033    i._fp_digits        mc_p.l(printfa.o)
    0x000018a0   0x000018a0   0x000006ec   Code   RO         1034    i._printf_core      mc_p.l(printfa.o)
    0x00001f8c   0x00001f8c   0x00000020   Code   RO         1035    i._printf_post_padding  mc_p.l(printfa.o)
    0x00001fac   0x00001fac   0x0000002c   Code   RO         1036    i._printf_pre_padding  mc_p.l(printfa.o)
    0x00001fd8   0x00001fd8   0x00000098   Code   RO          125    i.data_setup        main.o
    0x00002070   0x00002070   0x0000027c   Code   RO          756    i.exp               m_ps.l(exp.o)
    0x000022ec   0x000022ec   0x0000000c   Code   RO          273    i.fputc             retarget.o
    0x000022f8   0x000022f8   0x00000128   Code   RO          126    i.load_weight       main.o
    0x00002420   0x00002420   0x000006c8   Code   RO          127    i.main              main.o
    0x00002ae8   0x00002ae8   0x0000002c   Code   RO          128    i.normalize         main.o
    0x00002b14   0x00002b14   0x000009fc   Code   RO          766    i.pow               m_ps.l(pow.o)
    0x00003510   0x00003510   0x00000210   Code   RO          129    i.run_test_data     main.o
    0x00003720   0x00003720   0x0000020c   Code   RO          130    i.run_train_data    main.o
    0x0000392c   0x0000392c   0x00000118   Code   RO          131    i.scale_data        main.o
    0x00003a44   0x00003a44   0x00000048   Code   RO          776    i.sqrt              m_ps.l(sqrt.o)
    0x00003a8c   0x00003a8c   0x000000a8   Code   RO          275    i.stackDump         retarget.o
    0x00003b34   0x00003b34   0x00000020   Code   RO          132    i.test_preprocess   main.o
    0x00003b54   0x00003b54   0x00000020   Code   RO          133    i.train_preprocess  main.o
    0x00003b74   0x00003b74   0x00000038   Data   RO          376    .constdata          clk.o
    0x00003bac   0x00003bac   0x00000030   Data   RO          580    .constdata          uart.o
    0x00003bdc   0x00003bdc   0x00000004   PAD
    0x00003be0   0x00003be0   0x00000058   Data   RO          757    .constdata          m_ps.l(exp.o)
    0x00003c38   0x00003c38   0x00000088   Data   RO          767    .constdata          m_ps.l(pow.o)
    0x00003cc0   0x00003cc0   0x00000008   Data   RO         1096    .constdata          m_ps.l(qnan.o)
    0x00003cc8   0x00003cc8   0x000000e3   Data   RO          139    .conststring        main.o
    0x00003dab   0x00003dab   0x00000001   PAD
    0x00003dac   0x00003dac   0x00000020   Data   RO         1147    Region$$Table       anon$$obj.o


    Execution Region ER_RW (Exec base: 0x20000000, Load base: 0x00003dcc, Size: 0x00002128, Max: 0xffffffff, ABSOLUTE)

    Exec Addr    Load Addr    Size         Type   Attr      Idx    E Section Name        Object

    0x20000000   0x00003dcc   0x0000002c   Data   RW            5    .data               system_nuc100series.o
    0x2000002c   0x00003df8   0x000020f0   Data   RW          140    .data               main.o
    0x2000211c   0x00005ee8   0x00000004   Data   RW          276    .data               retarget.o
    0x20002120   0x00005eec   0x00000004   Data   RW          789    .data               mc_p.l(rand.o)
    0x20002124   0x00005ef0   0x00000004   Data   RW         1120    .data               mc_p.l(errno.o)


    Execution Region ER_ZI (Exec base: 0x20002128, Load base: 0x00005ef4, Size: 0x00000bc8, Max: 0xffffffff, ABSOLUTE)

    Exec Addr    Load Addr    Size         Type   Attr      Idx    E Section Name        Object

    0x20002128        -       0x000007c4   Zero   RW          134    .bss                main.o
    0x200028ec   0x00005ef4   0x00000004   PAD
    0x200028f0        -       0x00000400   Zero   RW          112    STACK               startup_nuc100series.o


==============================================================================

Image component sizes


      Code (inc. data)   RO Data    RW Data    ZI Data      Debug   Object Name

        32          6          0          0          0       1071   adc.o
       912        122         56          0          0       6446   clk.o
        40          0          0          0          0       1087   gpio.o
      4810       1046        227       8432       1988     159115   main.o
       280        132          0          4          0       4958   retarget.o
        76         32        192          0       1024        772   startup_nuc100series.o
        26          0          0          0          0        546   sys.o
       146         26          0         44          0     118423   system_nuc100series.o
       224         34         48          0          0       2180   uart.o

    ----------------------------------------------------------------------
      6550       1398        560       8480       3016     294598   Object Totals
         0          0         32          0          0          0   (incl. Generated)
         4          0          5          0          4          0   (incl. Padding)

    ----------------------------------------------------------------------

      Code (inc. data)   RO Data    RW Data    ZI Data      Debug   Library Member Name

        94         14          0          0          0        408   dunder.o
       636         94         88          0          0        132   exp.o
        44          4          0          0          0         60   fpclassify.o
       172          0          0          0          0         76   poly.o
      2556        196        136          0          0        240   pow.o
         0          0          8          0          0          0   qnan.o
        72          6          0          0          0         76   sqrt.o
         0          0          0          0          0          0   entry.o
         0          0          0          0          0          0   entry10a.o
         0          0          0          0          0          0   entry11a.o
         8          4          0          0          0          0   entry2.o
         4          0          0          0          0          0   entry5.o
         0          0          0          0          0          0   entry7b.o
         0          0          0          0          0          0   entry8b.o
         8          4          0          0          0          0   entry9a.o
        12          6          0          4          0         60   errno.o
        30          0          0          0          0          0   handlers.o
        40          0          0          0          0         72   idiv.o
        36          8          0          0          0         68   init.o
         0          0          0          0          0          0   iusefp.o
        32          0          0          0          0         68   llshl.o
        38          0          0          0          0         68   llsshr.o
        34          0          0          0          0         68   llushr.o
      2252         98          0          0          0        412   printfa.o
        36         12          0          4          0        120   rand.o
        18          0          0          0          0         60   strcpy.o
        44          0          0          0          0         72   uidiv.o
        96          0          0          0          0         84   uldiv.o
        40          2          0          0          0         68   cdcmple.o
        40          2          0          0          0         68   cdrcmple.o
        20          0          0          0          0         68   cfrcmple.o
        56          0          0          0          0         68   d2f.o
       356          4          0          0          0        140   dadd.o
       240          6          0          0          0         84   ddiv.o
       236          0          0          0          0        216   depilogue.o
        72         10          0          0          0         72   dfixi.o
        64         10          0          0          0         68   dfixul.o
        40          6          0          0          0         68   dflti.o
       208          6          0          0          0         88   dmul.o
        44          0          0          0          0         72   dscalb.o
       162          0          0          0          0         80   dsqrt.o
        40          0          0          0          0         60   f2d.o
       178          0          0          0          0        108   fadd.o
       124          0          0          0          0         72   fdiv.o
       130          0          0          0          0        144   fepilogue.o
        22          0          0          0          0         68   fflti.o
        14          0          0          0          0         68   ffltui.o
       122          0          0          0          0         72   fmul.o

    ----------------------------------------------------------------------
      8478        492        232          8          0       3896   Library Totals
         8          0          0          0          0          0   (incl. Padding)

    ----------------------------------------------------------------------

      Code (inc. data)   RO Data    RW Data    ZI Data      Debug   Library Name

      3574        314        232          0          0        992   m_ps.l
      2688        132          0          8          0       1152   mc_p.l
      2208         46          0          0          0       1752   mf_p.l

    ----------------------------------------------------------------------
      8478        492        232          8          0       3896   Library Totals

    ----------------------------------------------------------------------

==============================================================================


      Code (inc. data)   RO Data    RW Data    ZI Data      Debug   

     15028       1890        792       8488       3016     295226   Grand Totals
     15028       1890        792       8488       3016     295226   ELF Image Totals
     15028       1890        792       8488          0          0   ROM Totals

==============================================================================

    Total RO  Size (Code + RO Data)                15820 (  15.45kB)
    Total RW  Size (RW Data + ZI Data)             11504 (  11.23kB)
    Total ROM Size (Code + RO Data + RW Data)      24308 (  23.74kB)

==============================================================================

