<html>
<body>
<pre>
<h1>µVision Build Log</h1>
<h2>Tool Versions:</h2>
IDE-Version: £gVision V5.24.2.0
Copyright (C) 2017 ARM Ltd and ARM Germany GmbH. All rights reserved.
License Information: 111 111, 111, LIC=----
 
Tool Versions:
Toolchain:       MDK-Lite  Version: 5.24.1
Toolchain Path:  C:\Keil_v5\ARM\ARMCC\Bin
C Compiler:      Armcc.exe V5.06 update 5 (build 528)
Assembler:       Armasm.exe V5.06 update 5 (build 528)
Linker/Locator:  ArmLink.exe V5.06 update 5 (build 528)
Library Manager: ArmAr.exe V5.06 update 5 (build 528)
Hex Converter:   FromElf.exe V5.06 update 5 (build 528)
CPU DLL:         SARMCM3.DLL V5.24.1
Dialog DLL:      DARMCM1.DLL V1.18.0.0
Target DLL:      Nu_Link.dll V3.07
Dialog DLL:      TARMCM1.DLL V1.13.0.0
 
<h2>Project:</h2>
C:\Users\user\Documents\GitHub\Microprocessor_based_system_and_interface_techniques\lab5\lab5_v3\I2C_Master\KEIL\I2C_Master.uvproj
Project File Date:  11/24/2024

<h2>Output:</h2>
*** Using Compiler 'V5.06 update 5 (build 528)', folder: 'C:\Keil_v5\ARM\ARMCC\Bin'
Rebuild target 'I2C_Master'
creating preprocessor file for system_NUC100Series.c...
assembling startup_NUC100Series.s...
creating preprocessor file for main.c...
creating preprocessor file for retarget.c...
compiling system_NUC100Series.c...
creating preprocessor file for clk.c...
compiling main.c...
creating preprocessor file for i2c.c...
compiling retarget.c...
creating preprocessor file for sys.c...
compiling clk.c...
creating preprocessor file for uart.c...
compiling i2c.c...
compiling sys.c...
compiling uart.c...
linking...
Program Size: Code=7740 RO-data=328 RW-data=60 ZI-data=1028  
After Build - User command #1: fromelf --bin ".\obj\I2C_Master.axf" --output ".\obj\I2C_Master.bin"
After Build - User command #2: fromelf --text -c ".\obj\I2C_Master.axf" --output ".\obj\I2C_Master.txt"
".\obj\I2C_Master.axf" - 0 Error(s), 0 Warning(s).
Build Time Elapsed:  00:00:01
</pre>
</body>
</html>
