<html>
<body>
<pre>
<h1>µVision Build Log</h1>
<h2>Tool Versions:</h2>
IDE-Version: £gVision V5.24.2.0
Copyright (C) 2017 ARM Ltd and ARM Germany GmbH. All rights reserved.
License Information: 111 111, 111, LIC=----
 
Tool Versions:
Toolchain:       MDK-Lite  Version: 5.24.1
Toolchain Path:  C:\Keil_v5\ARM\ARMCC\Bin
C Compiler:      Armcc.exe V5.06 update 5 (build 528)
Assembler:       Armasm.exe V5.06 update 5 (build 528)
Linker/Locator:  ArmLink.exe V5.06 update 5 (build 528)
Library Manager: ArmAr.exe V5.06 update 5 (build 528)
Hex Converter:   FromElf.exe V5.06 update 5 (build 528)
CPU DLL:         SARMCM3.DLL V5.24.1
Dialog DLL:      DARMCM1.DLL V1.18.0.0
Target DLL:      Nu_Link.dll V3.07
Dialog DLL:      TARMCM1.DLL V1.13.0.0
 
<h2>Project:</h2>
C:\Users\user\Downloads\lab_test3\lab_test3\lab1_v3\lab_1\lab1\GPIO_7seg_keypad\KEIL\Nu-LB-NUC140_7seg.uvproj
Project File Date:  10/09/2024

<h2>Output:</h2>
*** Using Compiler 'V5.06 update 5 (build 528)', folder: 'C:\Keil_v5\ARM\ARMCC\Bin'
Rebuild target 'GPIO'
creating preprocessor file for system_NUC100Series.c...
assembling startup_NUC100Series.s...
creating preprocessor file for gpio.c...
creating preprocessor file for uart.c...
compiling system_NUC100Series.c...
creating preprocessor file for clk.c...
compiling gpio.c...
creating preprocessor file for sys.c...
compiling uart.c...
creating preprocessor file for timer.c...
compiling clk.c...
creating preprocessor file for retarget.c...
compiling sys.c...
creating preprocessor file for main.c...
compiling timer.c...
creating preprocessor file for Seven_Segment.c...
compiling retarget.c...
creating preprocessor file for SYS_init.c...
compiling main.c...
..\main.c(91): warning:  #177-D: variable "j"  was declared but never referenced
  		uint16_t j;
..\main.c: 1 warning, 0 errors
creating preprocessor file for Scankey.c...
compiling Seven_Segment.c...
compiling SYS_init.c...
compiling Scankey.c...
linking...
Program Size: Code=3296 RO-data=312 RW-data=88 ZI-data=1024  
After Build - User command #1: fromelf --bin ".\obj\GPIO_7seg_keypad.axf" --output ".\obj\GPIO_7seg_keypad.bin"
After Build - User command #2: fromelf --text -c ".\obj\GPIO_7seg_keypad.axf" --output ".\obj\GPIO_7seg_keypad.txt"
".\obj\GPIO_7seg_keypad.axf" - 0 Error(s), 1 Warning(s).
Build Time Elapsed:  00:00:02
</pre>
</body>
</html>
