<html>
<body>
<pre>
<h1>µVision Build Log</h1>
<h2>Tool Versions:</h2>
IDE-Version: £gVision V5.24.2.0
Copyright (C) 2017 ARM Ltd and ARM Germany GmbH. All rights reserved.
License Information: YuYu Hsiao, CCU, LIC=----
 
Tool Versions:
Toolchain:       MDK-Lite  Version: 5.24.1
Toolchain Path:  C:\Keil_v5\ARM\ARMCC\Bin
C Compiler:      Armcc.exe V5.06 update 5 (build 528)
Assembler:       Armasm.exe V5.06 update 5 (build 528)
Linker/Locator:  ArmLink.exe V5.06 update 5 (build 528)
Library Manager: ArmAr.exe V5.06 update 5 (build 528)
Hex Converter:   FromElf.exe V5.06 update 5 (build 528)
CPU DLL:         SARMCM3.DLL V5.24.1
Dialog DLL:      DARMCM1.DLL V1.18.0.0
Target DLL:      Nu_Link.dll V3.07
Dialog DLL:      TARMCM1.DLL V1.13.0.0
 
<h2>Project:</h2>
C:\Users\yuyu\Desktop\GitHub\Microprocessor_based_system_and_interface_techniques\lab3\lab3_v1\ADC_SingleMode\KEIL\ADC_SingleMode.uvproj
Project File Date:  10/25/2024

<h2>Output:</h2>
*** Using Compiler 'V5.06 update 5 (build 528)', folder: 'C:\Keil_v5\ARM\ARMCC\Bin'
Rebuild target 'ADC_singleMode'
creating preprocessor file for system_NUC100Series.c...
assembling startup_NUC100Series.s...
creating preprocessor file for main.c...
creating preprocessor file for retarget.c...
compiling system_NUC100Series.c...
creating preprocessor file for clk.c...
compiling main.c...
..\main.c(132): warning:  #223-D: function "abs" declared implicitly
          if (abs(scaledValue - previousScaledValue) > 10)
..\main.c: 1 warning, 0 errors
creating preprocessor file for sys.c...
compiling retarget.c...
creating preprocessor file for uart.c...
compiling clk.c...
creating preprocessor file for adc.c...
compiling sys.c...
creating preprocessor file for gpio.c...
compiling uart.c...
compiling adc.c...
compiling gpio.c...
linking...
Program Size: Code=3508 RO-data=480 RW-data=52 ZI-data=1028  
After Build - User command #1: fromelf --bin ".\obj\ADC_SingleMode.axf" --output ".\obj\ADC_SingleMode.bin"
After Build - User command #2: fromelf --text -c ".\obj\ADC_SingleMode.axf" --output ".\obj\ADC_SingleMode.txt"
".\obj\ADC_SingleMode.axf" - 0 Error(s), 1 Warning(s).
Build Time Elapsed:  00:00:03
</pre>
</body>
</html>
